Field pandas.core.frame.DataFrame.attrs => modin.pandas.dataframe.DataFrame.attrs;
Field pandas.core.frame.DataFrame.index => modin.pandas.dataframe.DataFrame.index;
Field pandas.core.frame.DataFrame.style => modin.pandas.dataframe.DataFrame.style;
Field pandas.core.frame.DataFrame.T => modin.pandas.dataframe.DataFrame.T;
Field pandas.core.frame.DataFrame.values => modin.pandas.DataFrame.values;
Field pandas.core.generic.NDFrame.empty => modin.pandas.Series.empty;
Field pandas.core.generic.NDFrame.shape => modin.pandas.Series.shape;
Field pandas.core.indexes.base.Index.array => modin.pandas.Index.array;
Field pandas.core.indexes.base.Index.empty => modin.pandas.Index.empty;
Field pandas.core.indexes.base.Index.is_unique => modin.pandas.Index.is_unique;
Field pandas.core.indexes.base.Index.has_duplicates => modin.pandas.Index.has_duplicates;
Field pandas.core.indexes.base.Index.ndim => modin.pandas.Index.ndim;
Field pandas.core.indexes.base.Index.size => modin.pandas.Index.size;
Field pandas.core.indexes.base.Index.str => modin.pandas.Index.str;
Field pandas.core.indexes.datetimes.DatetimeIndex.has_duplicates => modin.pandas.Index.has_duplicates;
Field pandas.core.indexes.datetimes.DatetimeIndex.is_unique => modin.pandas.Index.is_unique;
Field pandas.core.series.Series.attrs => modin.pandas.Series.attrs;
Field pandas.core.series.Series.str => modin.pandas.Series.str;
Field pandas.core.series.Series.dt => modin.pandas.Series.dt;
Field pandas.core.series.Series.dt.isocalendar => modin.pandas.Series.dt.isocalendar;
Field pandas.core.series.Series.empty => modin.pandas.Series.empty;
Field pandas.core.series.Series.loc => modin.pandas.series.Series.loc;
Field pandas.core.series.Series.shape => modin.pandas.Series.shape;
Field pandas.core.series.Series.is_unique => modin.pandas.Series.is_unique;
Field pyspark.sql.session.SparkSession.builder => snowflake.snowpark.session.Session.builder;
Field pyspark.sql.session.SparkSession.getActiveSession => snowflake.snowpark.session.Session.getActiveSession;
Field pyspark.sql.session.SparkSession.version => snowflake.snowpark.session.Session.version;
Field pyspark.sql.session.SparkSession.udf => snowflake.snowpark.session.Session.udf;
Field pyspark.sql.types.DataType.json => snowflake.snowpark.types.DataType.json;
Field pyspark.sql.types.DataType.jsonValue => snowflake.snowpark.types.DataType.jsonValue;
Field pyspark.sql.types.DataType.simpleString => snowflake.snowpark.types.DataType.simpleString;
Field pyspark.sql.types.DataType.typeName => snowflake.snowpark.types.DataType.typeName;
Field pyspark.sql.types.StructField.dataType => snowflake.snowpark.types.StructField.datatype;
Field pyspark.sql.types.StructField.json => snowflake.snowpark.types.StructField.json;
Field pyspark.sql.types.StructField.jsonValue => snowflake.snowpark.types.StructField.jsonValue;
Field pyspark.sql.types.StructField.nullable => snowflake.snowpark.types.StructField.nullable;
Field pyspark.sql.types.StructField.simpleString => snowflake.snowpark.types.StructField.simpleString;
Field pyspark.sql.types.StructField.typeName => snowflake.snowpark.types.StructField.typeName;
Field pyspark.sql.window.Window.currentRow => snowflake.snowpark.window.Window.currentRow;
Field pyspark.sql.dataframe.DataFrame.dtypes => snowflake.snowpark.DataFrame.dtypes;
Field pyspark.sql.window.Window.unboundedFollowing => snowflake.snowpark.window.Window.unboundedFollowing;
Field pyspark.sql.window.Window.unboundedPreceding => snowflake.snowpark.window.Window.unboundedPreceding;
Field pyspark.sql.types.ArrayType.json => snowflake.snowpark.types.ArrayType.json;
Field pyspark.sql.types.ArrayType.jsonValue => snowflake.snowpark.types.ArrayType.jsonValue;
Field pyspark.sql.types.ArrayType.simpleString => snowflake.snowpark.types.ArrayType.simpleString;
Field pyspark.sql.types.ArrayType.typeName => snowflake.snowpark.types.ArrayType.typeName;
Field pyspark.sql.types.AtomicType.json => snowflake.snowpark.types._AtomicType.json;
Field pyspark.sql.types.AtomicType.jsonValue => snowflake.snowpark.types._AtomicType.jsonValue;
Field pyspark.sql.types.AtomicType.simpleString => snowflake.snowpark.types._AtomicType.simpleString;
Field pyspark.sql.types.AtomicType.typeName => snowflake.snowpark.types._AtomicType.typeName;
Field pyspark.sql.types.BinaryType.json => snowflake.snowpark.types.BinaryType.json;
Field pyspark.sql.types.BinaryType.jsonValue => snowflake.snowpark.types.BinaryType.jsonValue;
Field pyspark.sql.types.BinaryType.simpleString => snowflake.snowpark.types.BinaryType.simpleString;
Field pyspark.sql.types.BinaryType.typeName => snowflake.snowpark.types.BinaryType.typeName;
Field pyspark.sql.types.BooleanType.json => snowflake.snowpark.types.BooleanType.json;
Field pyspark.sql.types.BooleanType.jsonValue => snowflake.snowpark.types.BooleanType.jsonValue;
Field pyspark.sql.types.BooleanType.simpleString => snowflake.snowpark.types.BooleanType.simpleString;
Field pyspark.sql.types.BooleanType.typeName => snowflake.snowpark.types.BooleanType.typeName;
Field pyspark.sql.types.ByteType.json => snowflake.snowpark.types.ByteType.json;
Field pyspark.sql.types.ByteType.jsonValue => snowflake.snowpark.types.ByteType.jsonValue;
Field pyspark.sql.types.ByteType.simpleString => snowflake.snowpark.types.ByteType.simpleString;
Field pyspark.sql.types.ByteType.typeName => snowflake.snowpark.types.ByteType.typeName;
Field pyspark.sql.types.DayTimeIntervalType.DAY => snowflake.snowpark.types.DayTimeIntervalType.DAY;
Field pyspark.sql.types.DayTimeIntervalType.HOUR => snowflake.snowpark.types.DayTimeIntervalType.HOUR;
Field pyspark.sql.types.DayTimeIntervalType.MINUTE => snowflake.snowpark.types.DayTimeIntervalType.MINUTE;
Field pyspark.sql.types.DayTimeIntervalType.SECOND => snowflake.snowpark.types.DayTimeIntervalType.SECOND;
Field pyspark.sql.types.DecimalType.json => snowflake.snowpark.types.DecimalType.json;
Field pyspark.sql.types.DecimalType.jsonValue => snowflake.snowpark.types.DecimalType.jsonValue;
Field pyspark.sql.types.DecimalType.simpleString => snowflake.snowpark.types.DecimalType.simpleString;
Field pyspark.sql.types.DecimalType.typeName => snowflake.snowpark.types.DecimalType.typeName;
Field pyspark.sql.types.DoubleType.json => snowflake.snowpark.types.DoubleType.json;
Field pyspark.sql.types.DoubleType.jsonValue => snowflake.snowpark.types.DoubleType.jsonValue;
Field pyspark.sql.types.DoubleType.simpleString => snowflake.snowpark.types.DoubleType.simpleString;
Field pyspark.sql.types.DoubleType.typeName => snowflake.snowpark.types.DoubleType.typeName;
Field pyspark.sql.types.FloatType.json => snowflake.snowpark.types.FloatType.json;
Field pyspark.sql.types.FloatType.jsonValue => snowflake.snowpark.types.FloatType.jsonValue;
Field pyspark.sql.types.FloatType.simpleString => snowflake.snowpark.types.FloatType.simpleString;
Field pyspark.sql.types.FloatType.typeName => snowflake.snowpark.types.FloatType.typeName;
Field pyspark.sql.types.FractionalType.json => snowflake.snowpark.types._FractionalType.json;
Field pyspark.sql.types.FractionalType.jsonValue => snowflake.snowpark.types._FractionalType.jsonValue;
Field pyspark.sql.types.FractionalType.simpleString => snowflake.snowpark.types._FractionalType.simpleString;
Field pyspark.sql.types.FractionalType.typeName => snowflake.snowpark.types._FractionalType.typeName;
Field pyspark.sql.types.IntegerType.json => snowflake.snowpark.types.IntegerType.json;
Field pyspark.sql.types.IntegerType.jsonValue => snowflake.snowpark.types.IntegerType.jsonValue;
Field pyspark.sql.types.IntegerType.simpleString => snowflake.snowpark.types.IntegerType.simpleString;
Field pyspark.sql.types.IntegerType.typeName => snowflake.snowpark.types.IntegerType.typeName;
Field pyspark.sql.types.IntegralType.json => snowflake.snowpark.types._IntegralType.json;
Field pyspark.sql.types.IntegralType.jsonValue => snowflake.snowpark.types._IntegralType.jsonValue;
Field pyspark.sql.types.IntegralType.simpleString => snowflake.snowpark.types._IntegralType.simpleString;
Field pyspark.sql.types.IntegralType.typeName => snowflake.snowpark.types._IntegralType.typeName;
Field pyspark.sql.types.LongType.json => snowflake.snowpark.types.LongType.json;
Field pyspark.sql.types.LongType.jsonValue => snowflake.snowpark.types.LongType.jsonValue;
Field pyspark.sql.types.LongType.simpleString => snowflake.snowpark.types.LongType.simpleString;
Field pyspark.sql.types.LongType.typeName => snowflake.snowpark.types.LongType.typeName;
Field pyspark.sql.types.MapType.json => snowflake.snowpark.types.MapType.json;
Field pyspark.sql.types.MapType.jsonValue => snowflake.snowpark.types.MapType.jsonValue;
Field pyspark.sql.types.MapType.simpleString => snowflake.snowpark.types.MapType.simpleString;
Field pyspark.sql.types.MapType.typeName => snowflake.snowpark.types.MapType.typeName;
Field pyspark.sql.types.NullType.json => snowflake.snowpark.types.NullType.json;
Field pyspark.sql.types.NullType.jsonValue => snowflake.snowpark.types.NullType.jsonValue;
Field pyspark.sql.types.NullType.simpleString => snowflake.snowpark.types.NullType.simpleString;
Field pyspark.sql.types.NullType.typeName => snowflake.snowpark.types.NullType.typeName;
Field pyspark.sql.types.NumericType.json => snowflake.snowpark.types._NumericType.json;
Field pyspark.sql.types.NumericType.jsonValue => snowflake.snowpark.types._NumericType.jsonValue;
Field pyspark.sql.types.NumericType.simpleString => snowflake.snowpark.types._NumericType.simpleString;
Field pyspark.sql.types.NumericType.typeName => snowflake.snowpark.types._NumericType.typeName;
Field pyspark.sql.types.ShortType.json => snowflake.snowpark.types.ShortType.json;
Field pyspark.sql.types.ShortType.jsonValue => ssnowflake.snowpark.types.ShortType.jsonValue;
Field pyspark.sql.types.ShortType.simpleString => snowflake.snowpark.types.ShortType.simpleString;
Field pyspark.sql.types.ShortType.typeName => snowflake.snowpark.types.ShortType.typeName;
Field pyspark.sql.types.StringType.json => snowflake.snowpark.types.StringType.json;
Field pyspark.sql.types.StringType.jsonValue => snowflake.snowpark.types.StringType.jsonValue;
Field pyspark.sql.types.StringType.simpleString => snowflake.snowpark.types.StringType.simpleString;
Field pyspark.sql.types.StringType.typeName => snowflake.snowpark.types.StringType.typeName;
Field pyspark.sql.types.StructType.json => snowflake.snowpark.types.StructType.json;
Field pyspark.sql.types.StructType.jsonValue => snowflake.snowpark.types.StructType.jsonValue;
Field pyspark.sql.types.StructType.simpleString => snowflake.snowpark.types.StructType.simpleString;
Field pyspark.sql.types.StructType.typeName => snowflake.snowpark.types.StructType.typeName;
Field pyspark.sql.types.TimestampType.json => snowflake.snowpark.types.TimestampType.json;
Field pyspark.sql.types.TimestampType.jsonValue => snowflake.snowpark.types.TimestampType.jsonValue;
Field pyspark.sql.types.TimestampType.simpleString => snowflake.snowpark.types.TimestampType.simpleString;
Field pyspark.sql.types.TimestampType.typeName => snowflake.snowpark.types.TimestampType.typeName;
Field pyspark.sql.types.YearMonthIntervalType.MONTH => snowflake.snowpark.types.YearMonthIntervalType.MONTH;
Field pyspark.sql.types.YearMonthIntervalType.YEAR => snowflake.snowpark.types.YearMonthIntervalType.YEAR;
