Function pandas.core.algorithms.unique => modin.pandas.unique;
Function pandas.core.arrays.timedeltas.TimedeltaArray.total_seconds => modin.pandas.Series.dt.total_seconds;
Function pandas.core.dtypes.missing.isna => modin.pandas.isna;
Function pandas.core.dtypes.missing.isnull => modin.pandas.isnull;
Function pandas.core.dtypes.missing.notna => modin.pandas.notna;
Function pandas.core.dtypes.missing.notnull => modin.pandas.notnull;
Function pandas.core.frame.DataFrame.abs => modin.pandas.DataFrame.abs;
Function pandas.core.frame.DataFrame.add => modin.pandas.DataFrame.add;
Function pandas.core.frame.DataFrame.add_prefix => modin.pandas.DataFrame.add_prefix;
Function pandas.core.frame.DataFrame.add_suffix => modin.pandas.DataFrame.add_suffix;
Function pandas.core.frame.DataFrame.agg => modin.pandas.DataFrame.agg;
Function pandas.core.frame.DataFrame.aggregate => modin.pandas.DataFrame.aggregate;
Function pandas.core.frame.DataFrame.align => modin.pandas.DataFrame.align;
Function pandas.core.frame.DataFrame.all => modin.pandas.DataFrame.all;
Function pandas.core.frame.DataFrame.any => modin.pandas.DataFrame.any;
Function pandas.core.frame.DataFrame.apply => modin.pandas.DataFrame.apply;
Function pandas.core.frame.DataFrame.applymap => modin.pandas.DataFrame.applymap;
Function pandas.core.frame.DataFrame.assign => modin.pandas.DataFrame.assign;
Function pandas.core.frame.DataFrame.astype => modin.pandas.DataFrame.astype;
Function pandas.core.frame.DataFrame.at => modin.pandas.DataFrame.at;
Function pandas.core.frame.DataFrame.axes => modin.pandas.DataFrame.axes;
Function pandas.core.frame.DataFrame.backfill => modin.pandas.DataFrame.backfill;
Function pandas.core.frame.DataFrame.bfill => modin.pandas.DataFrame.bfill;
Function pandas.core.frame.DataFrame.boxplot => modin.pandas.DataFrame.boxplot;
Function pandas.core.frame.DataFrame.compare => modin.pandas.DataFrame.compare;
Function pandas.core.frame.DataFrame.unstack => modin.pandas.DataFrame.unstack;
Function pandas.core.frame.DataFrame.asfreq => modin.pandas.DataFrame.asfreq;
Function pandas.core.frame.DataFrame.interpolate => modin.pandas.DataFrame.interpolate;
Function pandas.core.frame.DataFrame.items => modin.pandas.DataFrame.items;
Function pandas.core.frame.DataFrame.columns => modin.pandas.DataFrame.columns;
Function pandas.core.frame.DataFrame.copy => modin.pandas.DataFrame.copy;
Function pandas.core.frame.DataFrame.corr => modin.pandas.DataFrame.corr;
Function pandas.core.frame.DataFrame.count => modin.pandas.DataFrame.count;
Function pandas.core.frame.DataFrame.cummax => modin.pandas.DataFrame.cummax;
Function pandas.core.frame.DataFrame.cummin => modin.pandas.DataFrame.cummin;
Function pandas.core.frame.DataFrame.cumsum => modin.pandas.DataFrame.cumsum;
Function pandas.core.frame.DataFrame.describe => modin.pandas.DataFrame.describe;
Function pandas.core.frame.DataFrame.diff => modin.pandas.DataFrame.diff;
Function pandas.core.frame.DataFrame.div => modin.pandas.DataFrame.div;
Function pandas.core.frame.DataFrame.divide => modin.pandas.DataFrame.divide;
Function pandas.core.frame.DataFrame.drop => modin.pandas.DataFrame.drop;
Function pandas.core.frame.DataFrame.drop_duplicates => modin.pandas.DataFrame.drop_duplicates;
Function pandas.core.frame.DataFrame.dropna => modin.pandas.DataFrame.dropna;
Function pandas.core.frame.DataFrame.dtypes => modin.pandas.DataFrame.dtypes;
Function pandas.core.frame.DataFrame.duplicated => modin.pandas.DataFrame.duplicated;
Function pandas.core.frame.DataFrame.empty => modin.pandas.DataFrame.empty;
Function pandas.core.frame.DataFrame.eq => modin.pandas.DataFrame.eq;
Function pandas.core.frame.DataFrame.equals => modin.pandas.DataFrame.equals;
Function pandas.core.frame.DataFrame.ffill => modin.pandas.DataFrame.ffill;
Function pandas.core.frame.DataFrame.fillna => modin.pandas.DataFrame.fillna;
Function pandas.core.frame.DataFrame.first => modin.pandas.DataFrame.first;
Function pandas.core.frame.DataFrame.first_valid_index => modin.pandas.DataFrame.first_valid_index;
Function pandas.core.frame.DataFrame.floordiv => modin.pandas.DataFrame.floordiv;
Function pandas.core.frame.DataFrame.from_dict => modin.pandas.DataFrame.from_dict;
Function pandas.core.frame.DataFrame.ge => modin.pandas.DataFrame.ge;
Function pandas.core.frame.DataFrame.get => modin.pandas.DataFrame.get;
Function pandas.core.frame.DataFrame.groupby => modin.pandas.DataFrame.groupby;
Function pandas.core.frame.DataFrame.gt => modin.pandas.DataFrame.gt;
Function pandas.core.frame.DataFrame.head => modin.pandas.DataFrame.head;
Function pandas.core.frame.DataFrame.iat => modin.pandas.DataFrame.iat;
Function pandas.core.frame.DataFrame.idxmax => modin.pandas.DataFrame.idxmax;
Function pandas.core.frame.DataFrame.idxmin => modin.pandas.DataFrame.idxmin;
Function pandas.core.frame.DataFrame.iloc => modin.pandas.DataFrame.iloc;
Function pandas.core.frame.DataFrame.info => modin.pandas.DataFrame.info;
Function pandas.core.frame.DataFrame.insert => modin.pandas.DataFrame.insert;
Function pandas.core.frame.DataFrame.isin => modin.pandas.DataFrame.isin;
Function pandas.core.frame.DataFrame.isna => modin.pandas.DataFrame.isna;
Function pandas.core.frame.DataFrame.isnull => modin.pandas.DataFrame.isnull;
Function pandas.core.frame.DataFrame.iterrows => modin.pandas.DataFrame.iterrows;
Function pandas.core.frame.DataFrame.itertuples => modin.pandas.DataFrame.itertuples;
Function pandas.core.frame.DataFrame.join => modin.pandas.DataFrame.join;
Function pandas.core.frame.DataFrame.keys => modin.pandas.DataFrame.keys;
Function pandas.core.frame.DataFrame.last => modin.pandas.DataFrame.last;
Function pandas.core.frame.DataFrame.last_valid_index => modin.pandas.DataFrame.last_valid_index;
Function pandas.core.frame.DataFrame.le => modin.pandas.DataFrame.le;
Function pandas.core.frame.DataFrame.loc => modin.pandas.DataFrame.loc;
Function pandas.core.frame.DataFrame.lt => modin.pandas.DataFrame.lt;
Function pandas.core.frame.DataFrame.map => modin.pandas.DataFrame.map;
Function pandas.core.frame.DataFrame.mask => modin.pandas.DataFrame.mask;
Function pandas.core.frame.DataFrame.max => modin.pandas.DataFrame.max;
Function pandas.core.frame.DataFrame.mean => modin.pandas.DataFrame.mean;
Function pandas.core.frame.DataFrame.median => modin.pandas.DataFrame.median;
Function pandas.core.frame.DataFrame.merge => modin.pandas.DataFrame.merge;
Function pandas.core.frame.DataFrame.min => modin.pandas.DataFrame.min;
Function pandas.core.frame.DataFrame.mod => modin.pandas.DataFrame.mod;
Function pandas.core.frame.DataFrame.mul => modin.pandas.DataFrame.mul;
Function pandas.core.frame.DataFrame.multiply => modin.pandas.DataFrame.multiply;
Function pandas.core.frame.DataFrame.ndim => modin.pandas.DataFrame.ndim;
Function pandas.core.frame.DataFrame.ne => modin.pandas.DataFrame.ne;
Function pandas.core.frame.DataFrame.nlargest => modin.pandas.DataFrame.nlargest;
Function pandas.core.frame.DataFrame.notna => modin.pandas.DataFrame.notna;
Function pandas.core.frame.DataFrame.notnull => modin.pandas.DataFrame.notnull;
Function pandas.core.frame.DataFrame.nsmallest => modin.pandas.DataFrame.nsmallest;
Function pandas.core.frame.DataFrame.nunique => modin.pandas.DataFrame.nunique;
Function pandas.core.frame.DataFrame.pivot => modin.pandas.DataFrame.pivot;
Function pandas.core.frame.DataFrame.pivot_table => modin.pandas.DataFrame.pivot_table;
Function pandas.core.frame.DataFrame.plot => modin.pandas.DataFrame.plot;
Function pandas.core.frame.DataFrame.pop => modin.pandas.DataFrame.pop;
Function pandas.core.frame.DataFrame.pow => modin.pandas.DataFrame.pow;
Function pandas.core.frame.DataFrame.query => modin.pandas.DataFrame.query;
Function pandas.core.frame.DataFrame.radd => modin.pandas.DataFrame.radd;
Function pandas.core.frame.DataFrame.rank => modin.pandas.DataFrame.rank;
Function pandas.core.frame.DataFrame.rdiv => modin.pandas.DataFrame.rdiv;
Function pandas.core.frame.DataFrame.reindex => modin.pandas.DataFrame.reindex;
Function pandas.core.frame.DataFrame.rename => modin.pandas.DataFrame.rename;
Function pandas.core.frame.DataFrame.rename_axis => modin.pandas.DataFrame.rename_axis;
Function pandas.core.frame.DataFrame.replace => modin.pandas.DataFrame.replace;
Function pandas.core.frame.DataFrame.resample => modin.pandas.DataFrame.resample;
Function pandas.core.frame.DataFrame.reset_index => modin.pandas.DataFrame.reset_index;
Function pandas.core.frame.DataFrame.rfloordiv => modin.pandas.DataFrame.rfloordiv;
Function pandas.core.frame.DataFrame.rmod => modin.pandas.DataFrame.rmod;
Function pandas.core.frame.DataFrame.rmul => modin.pandas.DataFrame.rmul;
Function pandas.core.frame.DataFrame.rolling => modin.pandas.DataFrame.rolling;
Function pandas.core.frame.DataFrame.round => modin.pandas.DataFrame.round;
Function pandas.core.frame.DataFrame.rpow => modin.pandas.DataFrame.rpow;
Function pandas.core.frame.DataFrame.rsub => modin.pandas.DataFrame.rsub;
Function pandas.core.frame.DataFrame.rtruediv => modin.pandas.DataFrame.rtruediv;
Function pandas.core.frame.DataFrame.sample => modin.pandas.DataFrame.sample;
Function pandas.core.frame.DataFrame.select_dtypes => modin.pandas.DataFrame.select_dtypes;
Function pandas.core.frame.DataFrame.set_axis => modin.pandas.DataFrame.set_axis;
Function pandas.core.frame.DataFrame.set_index => modin.pandas.DataFrame.set_index;
Function pandas.core.frame.DataFrame.shape => modin.pandas.DataFrame.shape;
Function pandas.core.frame.DataFrame.shift => modin.pandas.DataFrame.shift;
Function pandas.core.frame.DataFrame.size => modin.pandas.DataFrame.size;
Function pandas.core.frame.DataFrame.skew => modin.pandas.DataFrame.skew;
Function pandas.core.frame.DataFrame.sort_index => modin.pandas.DataFrame.sort_index;
Function pandas.core.frame.DataFrame.sort_values => modin.pandas.DataFrame.sort_values;
Function pandas.core.frame.DataFrame.squeeze => modin.pandas.DataFrame.squeeze;
Function pandas.core.frame.DataFrame.stack => modin.pandas.DataFrame.stack;
Function pandas.core.frame.DataFrame.sub => modin.pandas.DataFrame.sub;
Function pandas.core.frame.DataFrame.subtract => modin.pandas.DataFrame.subtract;
Function pandas.core.frame.DataFrame.sum => modin.pandas.DataFrame.sum;
Function pandas.core.frame.DataFrame.tail => modin.pandas.DataFrame.tail;
Function pandas.core.frame.DataFrame.take => modin.pandas.DataFrame.take;
Function pandas.core.frame.DataFrame.to_csv => modin.pandas.DataFrame.to_csv;
Function pandas.core.frame.DataFrame.to_dict => modin.pandas.DataFrame.to_dict;
Function pandas.core.frame.DataFrame.to_html => modin.pandas.DataFrame.to_html;
Function pandas.core.frame.DataFrame.to_numpy => modin.pandas.DataFrame.to_numpy;
Function pandas.core.frame.DataFrame.to_string => modin.pandas.DataFrame.to_string;
Function pandas.core.frame.DataFrame.to_excel => modin.pandas.DataFrame.to_excel;
Function pandas.core.frame.DataFrame.transform => modin.pandas.DataFrame.transform;
Function pandas.core.frame.DataFrame.transpose => modin.pandas.DataFrame.transpose;
Function pandas.core.frame.DataFrame.truediv => modin.pandas.DataFrame.truediv;
Function pandas.core.frame.DataFrame.update => modin.pandas.DataFrame.update;
Function pandas.core.frame.DataFrame.value_counts => modin.pandas.DataFrame.value_counts;
Function pandas.core.frame.DataFrame.var => modin.pandas.DataFrame.var;
Function pandas.core.frame.DataFrame.where => modin.pandas.DataFrame.where;
Function pandas.core.groupby.generic.DataFrameGroupBy.bfill => modin.pandas.groupby.DataFrameGroupBy.bfill;
Function pandas.core.groupby.generic.DataFrameGroupBy.count => modin.pandas.groupby.DataFrameGroupBy.count;
Function pandas.core.groupby.generic.DataFrameGroupBy.ffill => modin.pandas.groupby.DataFrameGroupBy.ffill;
Function pandas.core.groupby.generic.DataFrameGroupBy.first => modin.pandas.groupby.DataFrameGroupBy.first;
Function pandas.core.groupby.generic.DataFrameGroupBy.get_group => modin.pandas.groupby.DataFrameGroupBy.get_group;
Function pandas.core.groupby.generic.DataFrameGroupBy.head => modin.pandas.groupby.DataFrameGroupBy.head;
Function pandas.core.groupby.generic.DataFrameGroupBy.idxmax => modin.pandas.groupby.DataFrameGroupBy.idxmax;
Function pandas.core.groupby.generic.DataFrameGroupBy.idxmin => modin.pandas.groupby.DataFrameGroupBy.idxmin;
Function pandas.core.groupby.generic.DataFrameGroupBy.last => modin.pandas.groupby.DataFrameGroupBy.last;
Function pandas.core.groupby.generic.DataFrameGroupBy.max => modin.pandas.groupby.DataFrameGroupBy.max;
Function pandas.core.groupby.generic.DataFrameGroupBy.mean => modin.pandas.groupby.DataFrameGroupBy.mean;
Function pandas.core.groupby.generic.DataFrameGroupBy.median => modin.pandas.groupby.DataFrameGroupBy.median;
Function pandas.core.groupby.generic.DataFrameGroupBy.min => modin.pandas.groupby.DataFrameGroupBy.min;
Function pandas.core.groupby.generic.DataFrameGroupBy.nunique => modin.pandas.groupby.DataFrameGroupBy.nunique;
Function pandas.core.groupby.generic.DataFrameGroupBy.pct_change => modin.pandas.groupby.DataFrameGroupBy.pct_change;
Function pandas.core.groupby.generic.DataFrameGroupBy.resample => modin.pandas.groupby.DataFrameGroupBy.resample;
Function pandas.core.groupby.generic.DataFrameGroupBy.std => modin.pandas.groupby.DataFrameGroupBy.std;
Function pandas.core.groupby.generic.DataFrameGroupBy.sum => modin.pandas.groupby.DataFrameGroupBy.sum;
Function pandas.core.groupby.generic.DataFrameGroupBy.tail => modin.pandas.groupby.DataFrameGroupBy.tail;
Function pandas.core.groupby.groupby.BaseGroupBy.indices => modin.pandas.groupby.DataFrameGroupBy.indices;
Function pandas.core.groupby.groupby.GroupBy.ffill => modin.pandas.groupby.DataFrameGroupBy.ffill;
Function pandas.core.indexes.base.Index.argmax => modin.pandas.Index.argmax;
Function pandas.core.indexes.base.Index.argmin => modin.pandas.Index.argmin;
Function pandas.core.indexes.base.Index.astype => modin.pandas.Index.astype;
Function pandas.core.indexes.base.Index.copy => modin.pandas.Index.copy;
Function pandas.core.indexes.base.Index.dtype => modin.pandas.Index.dtype;
Function pandas.core.indexes.base.Index.drop_duplicates => modin.pandas.Index.drop_duplicates;
Function pandas.core.indexes.base.Index.equals => modin.pandas.Index.equals;
Function pandas.core.indexes.base.Index.get_level_values => modin.pandas.Index.get_level_values;
Function pandas.core.indexes.base.Index.identical => modin.pandas.Index.identical;
Function pandas.core.indexes.base.Index.is_boolean => modin.pandas.Index.is_boolean;
Function pandas.core.indexes.base.Index.is_floating => modin.pandas.Index.is_floating;
Function pandas.core.indexes.base.Index.is_integer => modin.pandas.Index.is_integer;
Function pandas.core.indexes.base.Index.is_monotonic_decreasing => modin.pandas.Index.is_monotonic_decreasing;
Function pandas.core.indexes.base.Index.is_monotonic_increasing => modin.pandas.Index.is_monotonic_increasing;
Function pandas.core.indexes.base.Index.is_numeric => modin.pandas.Index.is_numeric;
Function pandas.core.indexes.base.Index.is_object => modin.pandas.Index.is_object;
Function pandas.core.indexes.base.Index.item => modin.pandas.Index.item;
Function pandas.core.indexes.base.Index.max => modin.pandas.Index.max;
Function pandas.core.indexes.base.Index.min => modin.pandas.Index.min;
Function pandas.core.indexes.base.Index.name => modin.pandas.Index.name;
Function pandas.core.indexes.base.Index.names => modin.pandas.Index.names;
Function pandas.core.indexes.base.Index.rename => modin.pandas.Index.rename;
Function pandas.core.indexes.base.Index.set_names => modin.pandas.Index.set_names;
Function pandas.core.indexes.base.Index.shape => modin.pandas.Index.shape;
Function pandas.core.indexes.base.Index.to_frame => modin.pandas.Index.to_frame;
Function pandas.core.indexes.base.Index.to_list => modin.pandas.Index.to_list;
Function pandas.core.indexes.base.Index.to_series => modin.pandas.Index.to_series;
Function pandas.core.indexes.base.Index.tolist => modin.pandas.Index.tolist;
Function pandas.core.indexes.base.Index.values => modin.pandas.Index.values;
Function pandas.core.indexes.base.Index.to_numpy => modin.pandas.Index.to_numpy;
Function pandas.core.indexes.base.Index.unique => modin.pandas.Index.unique;
Function pandas.core.indexes.base.Index.nunique => modin.pandas.Index.nunique;
Function pandas.core.indexes.datetimes.bdate_range => modin.pandas.bdate_range;
Function pandas.core.indexes.datetimes.date_range => modin.pandas.date_range;
Function pandas.core.resample.Resampler.bfill => modin.pandas.resample.Resample.bfill;
Function pandas.core.resample.Resampler.count => modin.pandas.resample.Resample.count;
Function pandas.core.resample.Resampler.fillna => modin.pandas.resample.Resample.fillna;
Function pandas.core.resample.Resampler.max => modin.pandas.resample.Resample.max;
Function pandas.core.resample.Resampler.mean => modin.pandas.resample.Resample.mean;
Function pandas.core.resample.Resampler.median => modin.pandas.resample.Resample.median;
Function pandas.core.resample.Resampler.min => modin.pandas.resample.Resample.min;
Function pandas.core.resample.Resampler.size => modin.pandas.resample.Resample.size;
Function pandas.core.resample.Resampler.sum => modin.pandas.resample.Resample.sum;
Function pandas.core.indexes.datetimelike.DatetimeIndexOpsMixin.mean => modin.pandas.DatetimeIndex.mean;
Function pandas.core.indexes.datetimes.DatetimeIndex.all => modin.pandas.Index.all;
Function pandas.core.indexes.datetimes.DatetimeIndex.any => modin.pandas.Index.any;
Function pandas.core.indexes.datetimes.DatetimeIndex.argmax => modin.pandas.Index.argmax;
Function pandas.core.indexes.datetimes.DatetimeIndex.argmin => modin.pandas.Index.argmin;
Function pandas.core.indexes.datetimes.DatetimeIndex.day_name => modin.pandas.DatetimeIndex.day_name;
Function pandas.core.indexes.datetimes.DatetimeIndex.equals => modin.pandas.Index.equals;
Function pandas.core.indexes.datetimes.DatetimeIndex.month_name => modin.pandas.DatetimeIndex.month_name;
Function pandas.core.indexes.datetimes.DatetimeIndex.reindex => modin.pandas.Index.reindex;
Function pandas.core.indexes.datetimes.DatetimeIndex.std => modin.pandas.DatetimeIndex.std;
Function pandas.core.indexes.datetimes.DatetimeIndex.time => modin.pandas.DatetimeIndex.time;
Function pandas.core.indexes.datetimes.DatetimeIndex.value_counts => modin.pandas.Index.value_counts;
Function pandas.core.indexes.timedeltas.TimedeltaIndex.ceil => modin.pandas.TimedeltaIndex.ceil;
Function pandas.core.indexes.timedeltas.TimedeltaIndex.days => modin.pandas.TimedeltaIndex.days;
Function pandas.core.indexes.timedeltas.TimedeltaIndex.floor => modin.pandas.TimedeltaIndex.floor;
Function pandas.core.indexes.timedeltas.TimedeltaIndex.mean => modin.pandas.TimedeltaIndex.mean;
Function pandas.core.indexes.timedeltas.TimedeltaIndex.microseconds => modin.pandas.TimedeltaIndex.microseconds;
Function pandas.core.indexes.timedeltas.TimedeltaIndex.nanoseconds => modin.pandas.TimedeltaIndex.nanoseconds;
Function pandas.core.indexes.timedeltas.TimedeltaIndex.round => modin.pandas.TimedeltaIndex.round;
Function pandas.core.indexes.timedeltas.TimedeltaIndex.seconds => modin.pandas.TimedeltaIndex.seconds;
Function pandas.core.resample.Resampler.asfreq => modin.pandas.resample.Resample.asfreq;
Function pandas.core.resample.Resampler.indices => modin.pandas.resample.Resample.indices;
Function pandas.core.resample.Resampler.nunique => modin.pandas.resample.Resample.nunique;
Function pandas.core.resample.Resampler.quantile => modin.pandas.resample.Resample.quantile;
Function pandas.core.reshape.concat.concat => modin.pandas.concat;
Function pandas.core.reshape.encoding.get_dummies => modin.pandas.get_dummies;
Function pandas.core.reshape.melt.melt => modin.pandas.melt;
Function pandas.core.reshape.merge.merge => modin.pandas.merge;
Function pandas.core.reshape.pivot => modin.pandas.general.pivot;
Function pandas.core.reshape.pivot_table => modin.pandas.general.pivot_table;
Function pandas.core.reshape.pivot.crosstab => modin.pandas.crosstab;
Function pandas.core.reshape.pivot.pivot_table => modin.pandas.pivot_table;
Function pandas.core.reshape.tile.cut => modin.pandas.cut;
Function pandas.core.reshape.tile.qcut => modin.pandas.qcut;
Function pandas.core.series.Series => modin.pandas.Series;
Function pandas.core.series.Series.abs => modin.pandas.Series.abs;
Function pandas.core.series.Series.add => modin.pandas.Series.add;
Function pandas.core.series.Series.add_prefix => modin.pandas.Series.add_prefix;
Function pandas.core.series.Series.add_suffix => modin.pandas.Series.add_suffix;
Function pandas.core.series.Series.agg => modin.pandas.Series.agg;
Function pandas.core.series.Series.aggregate => modin.pandas.Series.aggregate;
Function pandas.core.series.Series.align => modin.pandas.Series.align;
Function pandas.core.series.Series.all => modin.pandas.Series.all;
Function pandas.core.series.Series.any => modin.pandas.Series.any;
Function pandas.core.series.Series.apply => modin.pandas.Series.apply;
Function pandas.core.series.Series.array => modin.pandas.Series.array;
Function pandas.core.series.Series.astype => modin.pandas.Series.astype;
Function pandas.core.series.Series.at => modin.pandas.Series.at;
Function pandas.core.series.Series.axes => modin.pandas.Series.axes;
Function pandas.core.generic.NDFrame.backfill => modin.pandas.DataFrame.backfill;
Function pandas.core.generic.NDFrame.bfill => modin.pandas.DataFrame.bfill;
Function pandas.core.series.Series.compare => modin.pandas.Series.compare;
Function pandas.core.series.Series.unstack => modin.pandas.Series.unstack;
Function pandas.core.series.Series.asfreq => modin.pandas.Series.asfreq;
Function pandas.core.series.Series.argmax => modin.pandas.Series.argmax;
Function pandas.core.series.Series.argmin => modin.pandas.Series.argmin;
Function pandas.core.series.Series.case_when => modin.pandas.Series.case_when;
Function pandas.core.series.Series.copy => modin.pandas.Series.copy;
Function pandas.core.series.Series.count => modin.pandas.Series.count;
Function pandas.core.series.Series.cummax => modin.pandas.Series.cummax;
Function pandas.core.series.Series.cummin => modin.pandas.Series.cummin;
Function pandas.core.series.Series.cumsum => modin.pandas.Series.cumsum;
Function pandas.core.series.Series.describe => modin.pandas.Series.describe;
Function pandas.core.series.Series.diff => modin.pandas.Series.diff;
Function pandas.core.series.Series.div => modin.pandas.Series.div;
Function pandas.core.series.Series.divide => modin.pandas.Series.divide;
Function pandas.core.series.Series.drop => modin.pandas.Series.drop;
Function pandas.core.series.Series.drop_duplicates => modin.pandas.Series.drop_duplicates;
Function pandas.core.series.Series.dropna => modin.pandas.Series.dropna;
Function pandas.core.series.Series.pop => modin.pandas.Series.pop;
Function pandas.core.series.Series.interpolate => modin.pandas.Series.interpolate;
Function pandas.core.series.Series.is_monotonic_decreasing => modin.pandas.Series.is_monotonic_decreasing;
Function pandas.core.series.Series.is_monotonic_increasing => modin.pandas.Series.is_monotonic_increasing;
Function pandas.core.indexes.datetimes.DatetimeIndex.ceil => modin.pandas.DatetimeIndex.ceil;
Function pandas.core.indexes.datetimes.DatetimeIndex.floor => modin.pandas.DatetimeIndex.floor;
Function pandas.core.indexes.datetimes.DatetimeIndex.is_quarter_end => modin.pandas.DatetimeIndex.is_quarter_end;
Function pandas.core.indexes.datetimes.DatetimeIndex.is_quarter_start => modin.pandas.DatetimeIndex.is_quarter_start;
Function pandas.core.indexes.datetimes.DatetimeIndex.is_year_end => modin.pandas.DatetimeIndex.is_year_end;
Function pandas.core.indexes.datetimes.DatetimeIndex.is_year_start => modin.pandas.DatetimeIndex.is_year_start;
Function pandas.core.indexes.datetimes.DatetimeIndex.is_leap_year => modin.pandas.DatetimeIndex.is_leap_year;
Function pandas.core.indexes.datetimes.DatetimeIndex.microseconds => modin.pandas.DatetimeIndex.microsecond;
Function pandas.core.indexes.datetimes.DatetimeIndex.month_end => modin.pandas.DatetimeIndex.month_end;
Function pandas.core.indexes.datetimes.DatetimeIndex.month_start => modin.pandas.DatetimeIndex.month_start;
Function pandas.core.indexes.datetimes.DatetimeIndex.nanoseconds => modin.pandas.DatetimeIndex.nanoseconds;
Function pandas.core.indexes.datetimes.DatetimeIndex.round => modin.pandas.DatetimeIndex.round;
Function pandas.core.indexes.datetimes.DatetimeIndex.weekday => modin.pandas.DatetimeIndex.weekday;
Function pandas.core.series.Series.between => modin.pandas.Series.between;
Function pandas.core.series.Series.dtype => modin.pandas.Series.dtype;
Function pandas.core.series.Series.dtypes => modin.pandas.Series.dtypes;
Function pandas.core.series.Series.duplicated => modin.pandas.Series.duplicated;
Function pandas.core.series.Series.eq => modin.pandas.Series.eq;
Function pandas.core.series.Series.equals => modin.pandas.Series.equals;
Function pandas.core.series.Series.ffill => modin.pandas.Series.ffill;
Function pandas.core.series.Series.fillna => modin.pandas.Series.fillna;
Function pandas.core.series.Series.first_valid_index => modin.pandas.Series.first_valid_index;
Function pandas.core.series.Series.floordiv => modin.pandas.Series.floordiv;
Function pandas.core.series.Series.ge => modin.pandas.Series.ge;
Function pandas.core.series.Series.get => modin.pandas.Series.get;
Function pandas.core.series.Series.groupby => modin.pandas.Series.groupby;
Function pandas.core.series.Series.gt => modin.pandas.Series.gt;
Function pandas.core.series.Series.hasnans => modin.pandas.Series.hasnans;
Function pandas.core.series.Series.head => modin.pandas.Series.head;
Function pandas.core.series.Series.iat => modin.pandas.Series.iat;
Function pandas.core.series.Series.items => modin.pandas.Series.items;
Function pandas.core.series.Series.idxmax => modin.pandas.Series.idxmax;
Function pandas.core.series.Series.idxmin => modin.pandas.Series.idxmin;
Function pandas.core.series.Series.iloc => modin.pandas.Series.iloc;
Function pandas.core.series.Series.index => modin.pandas.Series.index;
Function pandas.core.series.Series.isin => modin.pandas.Series.isin;
Function pandas.core.series.Series.isna => modin.pandas.Series.isna;
Function pandas.core.series.Series.isnull => modin.pandas.Series.isnull;
Function pandas.core.series.Series.keys => modin.pandas.Series.keys;
Function pandas.core.series.Series.last => modin.pandas.Series.last;
Function pandas.core.series.Series.last_valid_index => modin.pandas.Series.last_valid_index;
Function pandas.core.series.Series.le => modin.pandas.Series.le;
Function pandas.core.series.Series.lt => modin.pandas.Series.lt;
Function pandas.core.series.Series.mask => modin.pandas.Series.mask;
Function pandas.core.series.Series.max => modin.pandas.Series.max;
Function pandas.core.series.Series.mean => modin.pandas.Series.mean;
Function pandas.core.series.Series.median => modin.pandas.Series.median;
Function pandas.core.series.Series.min => modin.pandas.Series.min;
Function pandas.core.series.Series.mod => modin.pandas.Series.mod;
Function pandas.core.series.Series.mul => modin.pandas.Series.mul;
Function pandas.core.series.Series.multiply => modin.pandas.Series.multiply;
Function pandas.core.series.Series.name => modin.pandas.Series.name;
Function pandas.core.series.Series.ndim => modin.pandas.Series.ndim;
Function pandas.core.series.Series.ne => modin.pandas.Series.ne;
Function pandas.core.series.Series.nlargest => modin.pandas.Series.nlargest;
Function pandas.core.series.Series.notna => modin.pandas.Series.notna;
Function pandas.core.series.Series.notnull => modin.pandas.Series.notnull;
Function pandas.core.series.Series.nsmallest => modin.pandas.Series.nsmallest;
Function pandas.core.series.Series.nunique => modin.pandas.Series.nunique;
Function pandas.core.series.Series.plot => modin.pandas.Series.plot;
Function pandas.core.series.Series.pow => modin.pandas.Series.pow;
Function pandas.core.series.Series.quantile => modin.pandas.Series.quantile;
Function pandas.core.series.Series.radd => modin.pandas.Series.radd;
Function pandas.core.series.Series.rank => modin.pandas.Series.rank;
Function pandas.core.series.Series.rdiv => modin.pandas.Series.rdiv;
Function pandas.core.series.Series.reindex => modin.pandas.Series.reindex;
Function pandas.core.series.Series.rename => modin.pandas.Series.rename;
Function pandas.core.series.Series.rename_axis => modin.pandas.Series.rename_axis;
Function pandas.core.series.Series.replace => modin.pandas.Series.replace;
Function pandas.core.series.Series.resample => modin.pandas.Series.resample;
Function pandas.core.series.Series.reset_index => modin.pandas.Series.reset_index;
Function pandas.core.series.Series.rfloordiv => modin.pandas.Series.rfloordiv;
Function pandas.core.series.Series.rmod => modin.pandas.Series.rmod;
Function pandas.core.series.Series.rmul => modin.pandas.Series.rmul;
Function pandas.core.series.Series.rolling => modin.pandas.Series.rolling;
Function pandas.core.series.Series.round => modin.pandas.Series.round;
Function pandas.core.series.Series.rpow => modin.pandas.Series.rpow;
Function pandas.core.series.Series.rsub => modin.pandas.Series.rsub;
Function pandas.core.series.Series.rtruediv => modin.pandas.Series.rtruediv;
Function pandas.core.series.Series.sample => modin.pandas.Series.sample;
Function pandas.core.series.Series.set_axis => modin.pandas.Series.set_axis;
Function pandas.core.series.Series.shift => modin.pandas.Series.shift;
Function pandas.core.series.Series.size => modin.pandas.Series.size;
Function pandas.core.series.Series.skew => modin.pandas.Series.skew;
Function pandas.core.series.Series.sort_index => modin.pandas.Series.sort_index;
Function pandas.core.series.Series.sort_values => modin.pandas.Series.sort_values;
Function pandas.core.series.Series.squeeze => modin.pandas.Series.squeeze;
Function pandas.core.series.Series.std => modin.pandas.Series.std;
Function pandas.core.series.Series.str.translate => modin.pandas.Series.str.translate;
Function pandas.core.series.Series.str.center => modin.pandas.Series.str.center;
Function pandas.core.series.Series.str.len => modin.pandas.Series.str.len;
Function pandas.core.series.Series.str.ljust => modin.pandas.Series.str.ljust;
Function pandas.core.series.Series.str.pad => modin.pandas.Series.str.pad;
Function pandas.core.series.Series.str.rjust => modin.pandas.Series.str.rjust;
Function pandas.core.series.Series.sub => modin.pandas.Series.sub;
Function pandas.core.series.Series.subtract => modin.pandas.Series.subtract;
Function pandas.core.series.Series.sum => modin.pandas.Series.sum;
Function pandas.core.series.Series.T => modin.pandas.Series.T;
Function pandas.core.series.Series.tail => modin.pandas.Series.tail;
Function pandas.core.series.Series.take => modin.pandas.Series.take;
Function pandas.core.series.Series.to_csv => modin.pandas.Series.to_csv;
Function pandas.core.series.Series.to_dict => modin.pandas.Series.to_dict;
Function pandas.core.series.Series.to_excel => modin.pandas.Series.to_excel;
Function pandas.core.series.Series.to_list => modin.pandas.Series.to_list;
Function pandas.core.series.Series.to_numpy => modin.pandas.Series.to_numpy;
Function pandas.core.series.Series.to_frame => modin.pandas.Series.to_frame;
Function pandas.core.series.Series.to_string => modin.pandas.Series.to_string;
Function pandas.core.series.Series.transpose => modin.pandas.Series.transpose;
Function pandas.core.series.Series.truediv => modin.pandas.Series.truediv;
Function pandas.core.series.Series.tshift => modin.pandas.Series.shift;
Function pandas.core.series.Series.unique => modin.pandas.Series.unique;
Function pandas.core.series.Series.update => modin.pandas.Series.update;
Function pandas.core.series.Series.value_counts => modin.pandas.Series.value_counts;
Function pandas.core.series.Series.values => modin.pandas.Series.values;
Function pandas.core.series.Series.var => modin.pandas.Series.var;
Function pandas.core.series.Series.where => modin.pandas.Series.where;
Function pandas.core.groupby.generic.SeriesGroupBy.agg => modin.pandas.SeriesGroupBy.agg;
Function pandas.core.groupby.generic.SeriesGroupBy.aggregate => modin.pandas.SeriesGroupBy.aggregate;
Function pandas.core.groupby.generic.SeriesGroupBy.bfill => modin.pandas.SeriesGroupBy.bfill;
Function pandas.core.groupby.generic.SeriesGroupBy.all => modin.pandas.SeriesGroupBy.all;
Function pandas.core.groupby.generic.SeriesGroupBy.any => modin.pandas.SeriesGroupBy.any;
Function pandas.core.groupby.generic.SeriesGroupBy.first => modin.pandas.SeriesGroupBy.first;
Function pandas.core.groupby.generic.SeriesGroupBy.ffill => modin.pandas.SeriesGroupBy.ffill;
Function pandas.core.groupby.generic.SeriesGroupBy.fillna => modin.pandas.SeriesGroupBy.fillna;
Function pandas.core.groupby.generic.SeriesGroupBy.last => modin.pandas.SeriesGroupBy.last;
Function pandas.core.groupby.generic.SeriesGroupBy.pct_change => modin.pandas.groupby.SeriesGroupBy.pct_change;
Function pandas.core.groupby.generic.SeriesGroupBy.unique => modin.pandas.groupby.SeriesGroupBy.unique;
Function pandas.core.groupby.generic.DataFrameGroupBy.agg => modin.pandas.groupby.DataFrameGroupBy.agg;
Function pandas.core.groupby.generic.DataFrameGroupBy.aggregate => modin.pandas.groupby.DataFrameGroupBy.aggregate;
Function pandas.core.groupby.generic.DataFrameGroupBy.all => modin.pandas.DataFrameGroupBy.all;
Function pandas.core.groupby.generic.DataFrameGroupBy.any => modin.pandas.DataFrameGroupBy.any;
Function pandas.core.groupby.generic.DataFrameGroupBy.apply => modin.pandas.DataFrameGroupBy.apply;
Function pandas.core.tools.datetimes.to_datetime => modin.pandas.to_datetime;
Function pandas.core.tools.numeric.to_numeric => modin.pandas.to_numeric;
Function pandas.core.tools.timedeltas.to_timedelta => modin.pandas.to_timedelta;
Function pandas.io.excel._base.read_excel => modin.pandas.read_excel;
Function pandas.io.html.read_html => modin.pandas.read_html;
Function pandas.io.json._normalize.json_normalize => modin.pandas.json_normalize;
Function pandas.io.parquet.read_parquet => modin.pandas.read_parquet;
Function pandas.io.parsers.readers.read_csv => modin.pandas.read_csv;
Function pandas.io.pickle.read_pickle => modin.pandas.read_pickle;
Function pandas.io.sas.sasreader.read_sas => modin.pandas.read_sas;
Function pandas.io.sql.read_sql => modin.pandas.io.read_sql;
Function pandas.io.sql.read_sql_query => modin.pandas.io.read_sql_query;
Function pandas.io.xml.read_xml => modin.pandas.read_xml;
Function pandas.io.feather_format.read_feather => modin.pandas.read_feather;
Function pandas.io.orc.read_orc => modin.pandas.read_orc;
Function pandas.io.stata.read_stata => modin.pandas.read_stata;
Function pyspark.rdd.RDD.collect => snowflake.snowpark.DataFrame.collect;
Function pyspark.sql.column.Column.alias => snowflake.snowpark.column.Column.alias;
Function pyspark.sql.column.Column.getItem => snowflake.snowpark.column.Column.getItem;
Function pyspark.sql.column.Column.asc => snowflake.snowpark.column.Column.asc;
Function pyspark.sql.column.Column.asc_nulls_first => snowflake.snowpark.column.Column.asc_nulls_first;
Function pyspark.sql.column.Column.asc_nulls_last => snowflake.snowpark.column.Column.asc_nulls_last;
Function pyspark.sql.column.Column.astype => snowflake.snowpark.column.Column.astype;
Function pyspark.sql.column.Column.between => snowflake.snowpark.column.Column.between;
Function pyspark.sql.column.Column.bitwiseAND => snowflake.snowpark.column.Column.bitwiseAND;
Function pyspark.sql.column.Column.bitwiseOR => snowflake.snowpark.column.Column.bitwiseOR;
Function pyspark.sql.column.Column.bitwiseXOR => snowflake.snowpark.column.Column.bitwiseXOR;
Function pyspark.sql.column.Column.cast => snowflake.snowpark.column.Column.cast;
Function pyspark.sql.column.Column.contains => snowflake.snowpark.column.Column.contains;
Function pyspark.sql.column.Column.desc => snowflake.snowpark.column.Column.desc;
Function pyspark.sql.column.Column.desc_nulls_first => snowflake.snowpark.column.Column.desc_nulls_first;
Function pyspark.sql.column.Column.desc_nulls_last => snowflake.snowpark.column.Column.desc_nulls_last;
Function pyspark.sql.column.Column.endswith => snowflake.snowpark.column.Column.endswith;
Function pyspark.sql.column.Column.eqNullSafe => snowflake.snowpark.column.Column.eqNullSafe;
Function pyspark.sql.column.Column.getField => snowflake.snowpark.column.Column.getField;
Function pyspark.sql.column.Column.isin => snowflake.snowpark.column.Column.isin;
Function pyspark.sql.column.Column.isNotNull => snowflake.snowpark.column.Column.isNotNull;
Function pyspark.sql.column.Column.isNull => snowflake.snowpark.column.Column.isNull;
Function pyspark.sql.column.Column.like => snowflake.snowpark.column.Column.like;
Function pyspark.sql.column.Column.name => snowflake.snowpark.column.Column.name;
Function pyspark.sql.column.Column.otherwise => snowflake.snowpark.column.Column.otherwise;
Function pyspark.sql.column.Column.over => snowflake.snowpark.column.Column.over;
Function pyspark.sql.column.Column.rlike => snowflake.snowpark.column.Column.regexp;
Function pyspark.sql.column.Column.startswith => snowflake.snowpark.column.Column.startswith;
Function pyspark.sql.column.Column.substr => snowflake.snowpark.column.Column.substr;
Function pyspark.sql.column.Column.when => snowflake.snowpark.column.Column.when;
Function pyspark.sql.conf.RuntimeConfig.get => snowflake.snowpark.session.Session.RuntimeConfig.get;
Function pyspark.sql.conf.RuntimeConfig.isModifiable => snowflake.snowpark.session.Session.RuntimeConfig.is_mutable;
Function pyspark.sql.conf.RuntimeConfig.set => snowflake.snowpark.session.Session.RuntimeConfig.set;
Function pyspark.sql.context.HiveContext.read => snowflake.snowpark.session.Session.read;
Function pyspark.sql.context.SQLContext.createDataFrame => snowflake.snowpark.session.Session.createDataFrame;
Function pyspark.sql.context.SQLContext.read => snowflake.snowpark.session.Session.read;
Function pyspark.sql.context.SQLContext.sql => snowflake.snowpark.session.Session.sql;
Function pyspark.sql.dataframe.DataFrame.__getattr__ => snowflake.snowpark.dataframe.DataFrame.__getattr__;
Function pyspark.sql.dataframe.DataFrame.agg => snowflake.snowpark.dataframe.DataFrame.agg;
Function pyspark.sql.dataframe.DataFrame.cache => snowflake.snowpark.dataframe.DataFrame.cache_result;
Function pyspark.sql.dataframe.DataFrame.collect => snowflake.snowpark.dataframe.DataFrame.collect;
Function pyspark.sql.dataframe.DataFrame.columns => snowflake.snowpark.dataframe.DataFrame.columns;
Function pyspark.sql.dataframe.DataFrame.count => snowflake.snowpark.dataframe.DataFrame.count;
Function pyspark.sql.dataframe.DataFrame.cov => snowflake.snowpark.dataframe.DataFrame.cov;
Function pyspark.sql.dataframe.DataFrame.createGlobalTempView => snowflake.snowpark.dataframe.DataFrame.createTempView;
Function pyspark.sql.dataframe.DataFrame.createOrReplaceGlobalTempView => snowflake.snowpark.dataframe.DataFrame.createOrReplaceTempView;
Function pyspark.sql.dataframe.DataFrame.createOrReplaceTempView => snowflake.snowpark.dataframe.DataFrame.createOrReplaceTempView;
Function pyspark.sql.dataframe.DataFrame.createTempView => snowflake.snowpark.dataframe.DataFrame.createTempView;
Function pyspark.sql.dataframe.DataFrame.crossJoin => snowflake.snowpark.dataframe.DataFrame.crossJoin;
Function pyspark.sql.dataframe.DataFrame.crosstab => snowflake.snowpark.dataframe.DataFrame.crosstab;
Function pyspark.sql.dataframe.DataFrame.corr => snowflake.snowpark.dataframe.DataFrame.corr;
Function pyspark.sql.dataframe.DataFrame.cube => snowflake.snowpark.dataframe.DataFrame.cube;
Function pyspark.sql.dataframe.DataFrame.describe => snowflake.snowpark.dataframe.DataFrame.describe;
Function pyspark.sql.dataframe.DataFrame.distinct => snowflake.snowpark.dataframe.DataFrame.distinct;
Function pyspark.sql.dataframe.DataFrame.dropDuplicates => snowflake.snowpark.dataframe.DataFrame.dropDuplicates;
Function pyspark.sql.dataframe.DataFrame.drop_duplicates => snowflake.snowpark.dataframe.DataFrame.drop_duplicates;
Function pyspark.sql.dataframe.DataFrame.dropna => snowflake.snowpark.dataframe.DataFrame.drop;
Function pyspark.sql.dataframe.DataFrame.exceptAll => snowflake.snowpark.dataframe.DataFrame.except_;
Function pyspark.sql.dataframe.DataFrame.drop => snowflake.snowpark.dataframe.DataFrame.drop;
Function pyspark.sql.dataframe.DataFrame.explain => snowflake.snowpark.dataframe.DataFrame.explain;
Function pyspark.sql.dataframe.DataFrame.filter => snowflake.snowpark.dataframe.DataFrame.filter;
Function pyspark.sql.dataframe.DataFrame.fillna => snowflake.snowpark.dataframe.DataFrame.fillna;
Function pyspark.sql.dataframe.DataFrame.first => snowflake.snowpark.dataframe.DataFrame.first;
Function pyspark.sql.dataframe.DataFrame.groupby => snowflake.snowpark.dataframe.DataFrame.groupBy;
Function pyspark.sql.dataframe.DataFrame.groupBy => snowflake.snowpark.dataframe.DataFrame.groupBy;
Function pyspark.sql.dataframe.DataFrame.head => snowflake.snowpark.dataframe.DataFrame.first;
Function pyspark.sql.dataframe.DataFrame.intersect => snowflake.snowpark.dataframe.DataFrame.intersect;
Function pyspark.sql.dataframe.DataFrame.join => snowflake.snowpark.dataframe.DataFrame.join;
Function pyspark.sql.dataframe.DataFrame.limit => snowflake.snowpark.dataframe.DataFrame.limit;
Function pyspark.sql.dataframe.DataFrame.na => snowflake.snowpark.dataframe.DataFrame.na;
Function pyspark.sql.dataframe.DataFrame.orderBy => snowflake.snowpark.dataframe.Dataframe.orderBy;
Function pyspark.sql.dataframe.DataFrame.printSchema => snowflake.snowpark.dataframe.Dataframe.printSchema;
Function pyspark.sql.dataframe.DataFrame.randomSplit => snowflake.snowpark.dataframe.Dataframe.randomSplit;
Function pyspark.sql.dataframe.DataFrame.replace => snowflake.snowpark.dataframe.DataFrame.replace;
Function pyspark.sql.dataframe.DataFrame.rollup => snowflake.snowpark.dataframe.DataFrame.rollup;
Function pyspark.sql.dataframe.DataFrame.sample => snowflake.snowpark.dataframe.DataFrame.sample;
Function pyspark.sql.dataframe.DataFrame.sampleBy => snowflake.snowpark.dataframe.DataFrame.sampleBy;
Function pyspark.sql.dataframe.DataFrame.schema => snowflake.snowpark.dataframe.DataFrame.schema;
Function pyspark.sql.dataframe.DataFrame.select => snowflake.snowpark.dataframe.DataFrame.select;
Function pyspark.sql.dataframe.DataFrame.selectExpr => snowflake.snowpark.dataframe.DataFrame.selectExpr;
Function pyspark.sql.dataframe.DataFrame.show => snowflake.snowpark.dataframe.DataFrame.show;
Function pyspark.sql.dataframe.DataFrame.sort => snowflake.snowpark.dataframe.DataFrame.sort;
Function pyspark.sql.dataframe.DataFrame.stat => snowflake.snowpark.dataframe.DataFrame.stat;
Function pyspark.sql.dataframe.DataFrame.subtract => snowflake.snowpark.dataframe.DataFrame.subtract;
Function pyspark.sql.dataframe.DataFrame.take => snowflake.snowpark.dataframe.DataFrame.first;
Function pyspark.sql.dataframe.DataFrame.toDF => snowflake.snowpark.dataframe.DataFrame.toDF;
Function pyspark.sql.dataframe.DataFrame.toLocalIterator => snowflake.snowpark.dataframe.Dataframe.toLocalIterator;
Function pyspark.sql.dataframe.DataFrame.toPandas => snowflake.snowpark.dataframe.DataFrame.toPandas;
Function pyspark.sql.dataframe.DataFrame.to_pandas_on_spark => snowflake.snowpark.dataframe.DataFrame.toPandas;
Function pyspark.sql.dataframe.DataFrame.union => snowflake.snowpark.dataframe.DataFrame.union;
Function pyspark.sql.dataframe.DataFrame.unionAll => snowflake.snowpark.dataframe.DataFrame.unionAll;
Function pyspark.sql.dataframe.DataFrame.unionByName => snowflake.snowpark.dataframe.Dataframe.unionByName;
Function pyspark.sql.dataframe.DataFrame.where => snowflake.snowpark.dataframe.DataFrame.where;
Function pyspark.sql.dataframe.DataFrame.withColumn => snowflake.snowpark.dataframe.DataFrame.withColumn;
Function pyspark.sql.dataframe.DataFrame.withColumnRenamed => snowflake.snowpark.dataframe.DataFrame.withColumnRenamed;
Function pyspark.sql.dataframe.DataFrame.withColumnsRenamed => snowflake.snowpark.dataframe.DataFrame.rename;
Function pyspark.sql.dataframe.DataFrame.write => snowflake.snowpark.dataframe.DataFrame.write;
Function pyspark.sql.dataframe.DataFrameNaFunctions.drop => snowflake.snowpark.dataframe.DataFrameNaFunctions.drop;
Function pyspark.sql.dataframe.DataFrameNaFunctions.fill => snowflake.snowpark.dataframe.DataFrameNaFunctions.fill;
Function pyspark.sql.dataframe.DataFrameNaFunctions.replace => snowflake.snowpark.dataframe.DataFrameNaFunctions.replace;
Function pyspark.sql.readwriter.DataFrameReader.option => snowflake.snowpark.session.read.option;
Function pyspark.sql.readwriter.DataFrameReader.options => snowflake.snowpark.session.read.options;
Function pyspark.sql.readwriter.DataFrameReader.schema => snowflake.snowpark.session.read.schema;
Function pyspark.sql.readwriter.DataFrameReader.table => snowflake.snowpark.session.read.table;
Function pyspark.sql.readwriter.DataFrameWriter.insertInto => snowflake.snowpark.DataFrameWriter.insertInto;
Function pyspark.sql.readwriter.DataFrameWriter.option => snowflake.snowpark.DataFrameWriter.option;
Function pyspark.sql.readwriter.DataFrameWriter.options => snowflake.snowpark.DataFrameWriter.options;
Function pyspark.sql.readwriter.DataFrameWriter.partitionBy => snowflake.snowpark.DataFrameWriter.partition_by;
Function pyspark.sql.dataframe.DataFrameStatFunctions.corr => snowflake.snowpark.dataframe.DataFrameStatFunctions.corr;
Function pyspark.sql.dataframe.DataFrameStatFunctions.cov => snowflake.snowpark.dataframe.DataFrameStatFunctions.cov;
Function pyspark.sql.dataframe.DataFrameStatFunctions.crosstab => snowflake.snowpark.dataframe.DataFrameStatFunctions.crosstab;
Function pyspark.sql.dataframe.DataFrameStatFunctions.sampleBy => snowflake.snowpark.dataframe.DataFrameStatFunctions.sampleBy;
Function pyspark.sql.functions.add_months => snowflake.snowpark.functions.add_months;
Function pyspark.sql.functions.approx_count_distinct => snowflake.snowpark.functions.approx_count_distinct;
Function pyspark.sql.functions.abs => snowflake.snowpark.functions.abs;
Function pyspark.sql.functions.acos => snowflake.snowpark.functions.acos;
Function pyspark.sql.functions.acosh => snowflake.snowpark.functions.acosh;
Function pyspark.sql.functions.array => snowflake.snowpark.functions.to_array;
Function pyspark.sql.functions.array_contains => snowflake.snowpark.functions.array_contains;
Function pyspark.sql.functions.array_distinct => snowflake.snowpark.functions.array_distinct;
Function pyspark.sql.functions.array_intersect => snowflake.snowpark.functions.array_intersection;
Function pyspark.sql.functions.array_join => snowflake.snowpark.functions.array_to_string;
Function pyspark.sql.functions.array_max => snowflake.snowpark.functions.array_max;
Function pyspark.sql.functions.array_min => snowflake.snowpark.functions.array_min;
Function pyspark.sql.functions.array_position => snowflake.snowpark.functions.array_position;
Function pyspark.sql.functions.arrays_overlap => snowflake.snowpark.functions.arrays_overlap;
Function pyspark.sql.functions.arrays_zip => snowflake.snowpark.functions.arrays_zip;
Function pyspark.sql.functions.avg => snowflake.snowpark.functions.avg;
Function pyspark.sql.functions.asc => snowflake.snowpark.functions.asc;
Function pyspark.sql.functions.asc_nulls_first => snowflake.snowpark.functions.asc_nulls_first;
Function pyspark.sql.functions.asc_nulls_last => snowflake.snowpark.functions.asc_nulls_last;
Function pyspark.sql.functions.ascii => snowflake.snowpark.functions.ascii;
Function pyspark.sql.functions.asin => snowflake.snowpark.functions.asin;
Function pyspark.sql.functions.asinh => snowflake.snowpark.functions.asinh;
Function pyspark.sql.functions.atan => snowflake.snowpark.functions.atan;
Function pyspark.sql.functions.atan2 => snowflake.snowpark.functions.atan2;
Function pyspark.sql.functions.atanh => snowflake.snowpark.functions.atanh;
Function pyspark.sql.functions.base64 => snowflake.snowpark.functions.base64;
Function pyspark.sql.functions.bin => snowflake.snowpark.functions.as_binary;
Function pyspark.sql.functions.bit_length => snowflake.snowpark.functions.bit_length;
Function pyspark.sql.functions.bit_and => snowflake.snowpark.functions.bitand_agg;
Function pyspark.sql.functions.bit_or => snowflake.snowpark.functions.bitor_agg;
Function pyspark.sql.functions.bit_xor => snowflake.snowpark.functions.bitxor_agg;
Function pyspark.sql.functions.bitmap_bit_position => snowflake.snowpark.functions.bitmap_bit_position;
Function pyspark.sql.functions.bitmap_bucket_number => snowflake.snowpark.functions.bitmap_bucket_number;
Function pyspark.sql.functions.bitmap_construct_agg => snowflake.snowpark.functions.bitmap_construct_agg;
Function pyspark.sql.functions.bool_and => snowflake.snowpark.functions.booland_agg;
Function pyspark.sql.functions.bool_or => snowflake.snowpark.functions.boolor_agg;
Function pyspark.sql.functions.bround => snowflake.snowpark.functions.bround;
Function pyspark.sql.functions.cbrt => snowflake.snowpark.functions.cbrt;
Function pyspark.sql.functions.ceil => snowflake.snowpark.functions.ceil;
Function pyspark.sql.functions.char => snowflake.snowpark.functions.chr;
Function pyspark.sql.functions.coalesce => snowflake.snowpark.functions.coalesce;
Function pyspark.sql.functions.col => snowflake.snowpark.functions.col;
Function pyspark.sql.functions.collect_list => snowflake.snowpark.functions.collect_list;
Function pyspark.sql.functions.collect_set => snowflake.snowpark.functions.collect_set;
Function pyspark.sql.functions.column => snowflake.snowpark.functions.column;
Function pyspark.sql.functions.concat => snowflake.snowpark.functions.concat;
Function pyspark.sql.functions.concat_ws => snowflake.snowpark.functions._concat_ws_ignore_nulls;
Function pyspark.sql.functions.corr => snowflake.snowpark.functions.corr;
Function pyspark.sql.functions.cos => snowflake.snowpark.functions.cos;
Function pyspark.sql.functions.cosh => snowflake.snowpark.functions.cosh;
Function pyspark.sql.functions.cot => snowflake.snowpark.functions.cot;
Function pyspark.sql.functions.count => snowflake.snowpark.functions.count;
Function pyspark.sql.functions.count_distinct => snowflake.snowpark.functions.count_distinct;
Function pyspark.sql.functions.countDistinct => snowflake.snowpark.functions.countDistinct;
Function pyspark.sql.functions.covar_pop => snowflake.snowpark.functions.covar_pop;
Function pyspark.sql.functions.covar_samp => snowflake.snowpark.functions.covar_samp;
Function pyspark.sql.functions.cume_dist => snowflake.snowpark.functions.cume_dist;
Function pyspark.sql.functions.current_date => snowflake.snowpark.functions.current_date;
Function pyspark.sql.functions.current_timestamp => snowflake.snowpark.functions.current_timestamp;
Function pyspark.sql.functions.monotonically_increasing_id => snowflake.snowpark.functions.monotonically_increasing_id;
Function pyspark.sql.functions.date_format => snowflake.snowpark.functions.date_format;
Function pyspark.pandas.spark.functions.date_part => snowflake.snowpark.functions.date_part;
Function pyspark.sql.functions.date_trunc => snowflake.snowpark.functions.date_trunc;
Function pyspark.sql.functions.date_add => snowflake.snowpark.functions.date_add;
Function pyspark.sql.functions.datediff => snowflake.snowpark.functions.daydiff;
Function pyspark.sql.functions.dayofmonth => snowflake.snowpark.functions.dayofmonth;
Function pyspark.sql.functions.dayofweek => snowflake.snowpark.functions.dayofweek;
Function pyspark.sql.functions.dayofyear => snowflake.snowpark.functions.dayofyear;
Function pyspark.sql.functions.degrees => snowflake.snowpark.functions.degrees;
Function pyspark.sql.functions.dense_rank => snowflake.snowpark.functions.dense_rank;
Function pyspark.sql.functions.desc => snowflake.snowpark.functions.desc;
Function pyspark.sql.functions.desc_nulls_first => snowflake.snowpark.functions.desc_nulls_first;
Function pyspark.sql.functions.desc_nulls_last => snowflake.snowpark.functions.desc_nulls_last;
Function pyspark.sql.functions.element_at => snowflake.snowpark.functions.element_at;
Function pyspark.sql.functions.equal_null => snowflake.snowpark.functions.equal_null;
Function pyspark.sql.functions.every => snowflake.snowpark.functions.booland_agg;
Function pyspark.sql.functions.exp => snowflake.snowpark.functions.exp;
Function pyspark.sql.functions.explode => snowflake.snowpark.functions.explode;
Function pyspark.sql.functions.explode_outer => snowflake.snowpark.functions.explode_outer;
Function pyspark.sql.functions.expr => snowflake.snowpark.functions.expr;
Function pyspark.sql.functions.factorial => snowflake.snowpark.functions.factorial;
Function pyspark.sql.functions.first => snowflake.snowpark.functions.first_value;
Function pyspark.sql.functions.flatten => snowflake.snowpark.functions.array_flatten;
Function pyspark.sql.functions.floor => snowflake.snowpark.functions.floor;
Function pyspark.sql.functions.from_json => snowflake.snowpark.functions.parse_json;
Function pyspark.sql.functions.from_unixtime => snowflake.snowpark.functions.from_unixtime;
Function pyspark.sql.functions.from_utc_timestamp => snowflake.snowpark.functions.from_utc_timestamp;
Function pyspark.sql.functions.get => snowflake.snowpark.functions.get;
Function pyspark.sql.functions.get_json_object => snowflake.snowpark.functions.json_extract_path_text;
Function pyspark.sql.functions.getbit => snowflake.snowpark.functions.getbit;
Function pyspark.sql.functions.greatest => snowflake.snowpark.functions.greatest_ignore_nulls;
Function pyspark.sql.functions.grouping => snowflake.snowpark.functions.grouping;
Function pyspark.sql.functions.grouping_id => snowflake.snowpark.functions.grouping_id;
Function pyspark.sql.functions.hash => snowflake.snowpark.functions.hash;
Function pyspark.sql.functions.hour => snowflake.snowpark.functions.hour;
Function pyspark.sql.functions.ifnull => snowflake.snowpark.functions.ifnull;
Function pyspark.sql.functions.initcap => snowflake.snowpark.functions.initcap;
Function pyspark.sql.functions.instr => snowflake.snowpark.functions.instr;
Function pyspark.sql.functions.isnan => snowflake.snowpark.functions.equal_nan;
Function pyspark.sql.functions.isnull => snowflake.snowpark.functions.is_null;
Function pyspark.sql.functions.kurtosis => snowflake.snowpark.functions.kurtosis;
Function pyspark.sql.functions.lag => snowflake.snowpark.functions.lag;
Function pyspark.sql.functions.last_day => snowflake.snowpark.functions.last_day;
Function pyspark.sql.functions.lead => snowflake.snowpark.functions.lead;
Function pyspark.sql.functions.least => snowflake.snowpark.functions.least_ignore_nulls;
Function pyspark.sql.functions.length => snowflake.snowpark.functions.length;
Function pyspark.sql.functions.lit => snowflake.snowpark.functions.lit;
Function pyspark.sql.functions.localtimestamp => snowflake.snowpark.functions.localtimestamp;
Function pyspark.sql.functions.locate => snowflake.snowpark.functions.charindex;
Function pyspark.sql.functions.log => snowflake.snowpark.functions.log;
Function pyspark.sql.functions.log10 => snowflake.snowpark.functions.log10;
Function pyspark.sql.functions.log1p => snowflake.snowpark.functions.log1p;
Function pyspark.sql.functions.log2 => snowflake.snowpark.functions.log2;
Function pyspark.sql.functions.lower => snowflake.snowpark.functions.lower;
Function pyspark.sql.functions.lpad => snowflake.snowpark.functions.lpad;
Function pyspark.sql.functions.ltrim => snowflake.snowpark.functions.ltrim;
Function pyspark.sql.functions.map_concat => snowflake.snowpark.functions.map_concat;
Function pyspark.sql.functions.map_from_arrays => snowflake.snowpark.functions.map_from_arrays;
Function pyspark.sql.functions.map_keys => snowflake.snowpark.functions.object_keys;
Function pyspark.sql.functions.max => snowflake.snowpark.functions.max;
Function pyspark.sql.functions.max_by => snowflake.snowpark.functions.max_by;
Function pyspark.sql.functions.md5 => snowflake.snowpark.functions.md5;
Function pyspark.sql.functions.mean => snowflake.snowpark.functions.mean;
Function pyspark.sql.functions.min => snowflake.snowpark.functions.min;
Function pyspark.sql.functions.min_by => snowflake.snowpark.functions.min_by;
Function pyspark.sql.functions.minute => snowflake.snowpark.functions.minute;
Function pyspark.sql.functions.month => snowflake.snowpark.functions.month;
Function pyspark.sql.functions.months_between => snowflake.snowpark.functions.months_between;
Function pyspark.sql.functions.now => snowflake.snowpark.functions.current_timestamp;
Function pyspark.sql.functions.nth_value => snowflake.snowpark.functions.nth_value;
Function pyspark.sql.functions.ntile => snowflake.snowpark.functions.ntile;
Function pyspark.sql.functions.nvl => snowflake.snowpark.functions.nvl;
Function pyspark.sql.functions.nvl2 => snowflake.snowpark.functions.nvl2;
Function pyspark.sql.functions.last => snowflake.snowpark.functions.last_value;
Function pyspark.sql.functions.next_day => snowflake.snowpark.functions.next_day;
Function pyspark.sql.functions.nullif => snowflake.snowpark.functions.nullif;
Function pyspark.sql.functions.octet_length => snowflake.snowpark.functions.octet_length;
Function pyspark.sql.functions.percent_rank => snowflake.snowpark.functions.percent_rank;
Function pyspark.sql.functions.pow => snowflake.snowpark.functions.pow;
Function pyspark.sql.functions.quarter => snowflake.snowpark.functions.quarter;
Function pyspark.sql.functions.radians => snowflake.snowpark.functions.radians;
Function pyspark.sql.functions.rand => snowflake.snowpark.functions.random;
Function pyspark.sql.functions.randn => snowflake.snowpark.functions.randn;
Function pyspark.sql.functions.rank => snowflake.snowpark.functions.rank;
Function pyspark.sql.functions.regexp_replace => snowflake.snowpark.functions.regexp_replace;
Function pyspark.sql.functions.regr_avgx => snowflake.snowpark.functions.regr_avgx;
Function pyspark.sql.functions.regr_avgy => snowflake.snowpark.functions.regr_avgy;
Function pyspark.sql.functions.regr_count => snowflake.snowpark.functions.regr_count;
Function pyspark.sql.functions.regr_intercept => snowflake.snowpark.functions.regr_intercept;
Function pyspark.sql.functions.regr_slope => snowflake.snowpark.functions.regr_slope;
Function pyspark.sql.functions.regr_sxx => snowflake.snowpark.functions.regr_sxx;
Function pyspark.sql.functions.regr_sxy => snowflake.snowpark.functions.regr_sxy;
Function pyspark.sql.functions.regr_syy => snowflake.snowpark.functions.regr_syy;
Function pyspark.sql.functions.repeat => snowflake.snowpark.functions.repeat;
Function pyspark.sql.functions.rint => snowflake.snowpark.functions.ceil;
Function pyspark.sql.functions.round => snowflake.snowpark.functions.round;
Function pyspark.sql.functions.row_number => snowflake.snowpark.functions.row_number;
Function pyspark.sql.functions.rpad => snowflake.snowpark.functions.rpad;
Function pyspark.sql.functions.rtrim => snowflake.snowpark.functions.rtrim;
Function pyspark.sql.functions.second => snowflake.snowpark.functions.second;
Function pyspark.sql.functions.sequence => snowflake.snowpark.functions.sequence;
Function pyspark.sql.functions.sha1 => snowflake.snowpark.functions.sha1;
Function pyspark.sql.functions.sha2 => snowflake.snowpark.functions.sha2;
Function pyspark.sql.functions.shiftLeft => snowflake.snowpark.functions.bitshiftleft;
Function pyspark.sql.functions.shiftRight => snowflake.snowpark.functions.bitshiftright;
Function pyspark.sql.functions.sign => snowflake.snowpark.functions.sign;
Function pyspark.sql.functions.signum => snowflake.snowpark.functions.signum;
Function pyspark.sql.functions.sin => snowflake.snowpark.functions.sin;
Function pyspark.sql.functions.sinh => snowflake.snowpark.functions.sinh;
Function pyspark.sql.functions.size => snowflake.snowpark.functions.size;
Function pyspark.sql.functions.skewness => snowflake.snowpark.functions.skew;
Function pyspark.sql.functions.soundex => snowflake.snowpark.functions.soundex;
Function pyspark.sql.functions.split => snowflake.snowpark.functions.split;
Function pyspark.sql.functions.sqrt => snowflake.snowpark.functions.sqrt;
Function pyspark.sql.functions.stddev => snowflake.snowpark.functions.stddev;
Function pyspark.sql.functions.stddev_pop => snowflake.snowpark.functions.stddev_pop;
Function pyspark.sql.functions.stddev_samp => snowflake.snowpark.functions.stddev_samp;
Function pyspark.sql.functions.struct => snowflake.snowpark.functions.struct;
Function pyspark.sql.functions.substring => snowflake.snowpark.functions.substring;
Function pyspark.sql.functions.substring_index => snowflake.snowpark.functions.substring_index;
Function pyspark.sql.functions.sum => snowflake.snowpark.functions.sum;
Function pyspark.sql.functions.sum_distinct => snowflake.snowpark.functions.sum_distinct;
Function pyspark.sql.functions.sumDistinct => snowflake.snowpark.functions.sum_distinct;
Function pyspark.sql.functions.tan => snowflake.snowpark.functions.tan;
Function pyspark.sql.functions.tanh => snowflake.snowpark.functions.tanh;
Function pyspark.sql.functions.to_date => snowflake.snowpark.functions.to_date;
Function pyspark.sql.functions.to_json => snowflake.snowpark.functions.to_json;
Function pyspark.sql.functions.to_timestamp => snowflake.snowpark.functions.to_timestamp;
Function pyspark.sql.functions.to_utc_timestamp => snowflake.snowpark.functions.to_utc_timestamp;
Function pyspark.sql.functions.to_varchar => snowflake.snowpark.functions.to_varchar;
Function pyspark.sql.functions.toDegrees => snowflake.snowpark.functions.degrees;
Function pyspark.sql.functions.toRadians => snowflake.snowpark.functions.radians;
Function pyspark.sql.functions.translate => snowflake.snowpark.functions.translate;
Function pyspark.sql.functions.trim => snowflake.snowpark.functions.trim;
Function pyspark.sql.functions.trunc => snowflake.snowpark.functions.trunc;
Function pyspark.sql.functions.udf => snowflake.snowpark.functions.udf;
Function pyspark.sql.functions.unhex => snowflake.snowpark.functions.hex_decode_binary;
Function pyspark.sql.functions.unix_timestamp => snowflake.snowpark.functions.unix_timestamp;
Function pyspark.sql.functions.unbase64 => snowflake.snowpark.functions.unbase64;
Function pyspark.sql.functions.upper => snowflake.snowpark.functions.upper;
Function pyspark.sql.functions.var_pop => snowflake.snowpark.functions.var_pop;
Function pyspark.sql.functions.var_samp => snowflake.snowpark.functions.var_samp;
Function pyspark.sql.functions.variance => snowflake.snowpark.functions.variance;
Function pyspark.sql.functions.weekofyear => snowflake.snowpark.functions.weekofyear;
Function pyspark.sql.functions.when => snowflake.snowpark.functions.when;
Function pyspark.sql.functions.year => snowflake.snowpark.functions.year;
Function pyspark.sql.functions.regexp_extract => snowflake.snowpark.functions.regexp_extract;
Function pyspark.sql.functions.sort_array => snowflake.snowpark.functions.sort_array;
Function pyspark.sql.functions.array_sort => snowflake.snowpark.functions.array_sort;
Function pyspark.sql.functions.array_remove => snowflake.snowpark.functions.array_remove;
Function pyspark.sql.functions.create_map => snowflake.snowpark.functions.create_map;
Function pyspark.sql.functions.format_number => snowflake.snowpark.functions.format_number;
Function pyspark.sql.functions.ln => snowflake.snowpark.functions.ln;
Function pyspark.sql.functions.reverse => snowflake.snowpark.functions.reverse;
Function pyspark.sql.functions.date_sub => snowflake.snowpark.functions.date_sub;
Function pyspark.sql.functions.xpath => snowflake.snowpark.functions.xpath;
Function pyspark.sql.functions.xpath_boolean => snowflake.snowpark.functions.xpath_boolean;
Function pyspark.sql.functions.xpath_double => snowflake.snowpark.functions.xpath_double;
Function pyspark.sql.functions.xpath_float => snowflake.snowpark.functions.xpath_float;
Function pyspark.sql.functions.xpath_int => snowflake.snowpark.functions.xpath_int;
Function pyspark.sql.functions.xpath_long => snowflake.snowpark.functions.xpath_long;
Function pyspark.sql.functions.xpath_number => snowflake.snowpark.functions.xpath_number;
Function pyspark.sql.functions.xpath_short => snowflake.snowpark.functions.xpath_short;
Function pyspark.sql.functions.xpath_string => snowflake.snowpark.functions.xpath_string;
Function pyspark.sql.functions.bucket => snowflake.snowpark.functions.bucket;
Function pyspark.sql.functions.day => snowflake.snowpark.functions.day;
Function pyspark.sql.functions.pi => snowflake.snowpark.functions.pi;
Function pyspark.sql.functions.uuid => snowflake.snowpark.functions.uuid_string;
Function pyspark.sql.functions.width_bucket => snowflake.snowpark.functions.width_bucket;
Function pyspark.sql.functions.zeroifnull => snowflake.snowpark.functions.zeroifnull;
Function pyspark.sql.group.GroupedData.agg => snowflake.snowpark.relational_grouped_dataframe.RelationalGroupedDataFrame.agg;
Function pyspark.sql.group.GroupedData.avg => snowflake.snowpark.relational_grouped_dataframe.RelationalGroupedDataFrame.avg;
Function pyspark.sql.group.GroupedData.count => snowflake.snowpark.relational_grouped_dataframe.RelationalGroupedDataFrame.count;
Function pyspark.sql.group.GroupedData.max => snowflake.snowpark.relational_grouped_dataframe.RelationalGroupedDataFrame.max;
Function pyspark.sql.group.GroupedData.mean => snowflake.snowpark.relational_grouped_dataframe.RelationalGroupedDataFrame.mean;
Function pyspark.sql.group.GroupedData.min => snowflake.snowpark.relational_grouped_dataframe.RelationalGroupedDataFrame.min;
Function pyspark.sql.group.GroupedData.sum => snowflake.snowpark.relational_grouped_dataframe.RelationalGroupedDataFrame.sum;
Function pyspark.sql.group.GroupedData.applyInPandas => snowflake.snowpark.relational_grouped_dataframe.RelationalGroupedDataFrame.applyInPandas;
Function pyspark.sql.group.GroupedData.pivot => snowflake.snowpark.relational_grouped_dataframe.RelationalGroupedDataFrame.pivot;
Function pyspark.sql.pandas.conversion.PandasConversionMixin.toPandas => snowflake.snowpark.dataframe.DataFrame.toPandas;
Function pyspark.sql.readwriter.DataFrameWriter.mode => snowflake.snowpark.read_writer.DataFrameWriter.mode;
Function pyspark.sql.session.SparkSession.Builder.config => snowflake.snowpark.session.Session.SessionBuilder.config;
Function pyspark.sql.session.SparkSession.Builder.getOrCreate => snowflake.snowpark.session.Session.SessionBuilder.getOrCreate;
Function pyspark.sql.session.SparkSession.Builder.appName => snowflake.snowpark.Session.SessionBuilder.app_name;
Function pyspark.sql.session.SparkSession.conf => snowflake.snowpark.session.Session.conf;
Function pyspark.sql.session.SparkSession.createDataFrame => snowflake.snowpark.session.Session.createDataFrame;
Function pyspark.sql.session.SparkSession.getActiveSession => snowflake.snowpark.session.Session.getActiveSession;
Function pyspark.sql.session.SparkSession.range => snowflake.snowpark.session.Session.range;
Function pyspark.sql.session.SparkSession.read => snowflake.snowpark.session.Session.read;
Function pyspark.sql.session.SparkSession.sql => snowflake.snowpark.session.Session.sql;
Function pyspark.sql.session.SparkSession.stop => snowflake.snowpark.session.Session.close;
Function pyspark.sql.session.SparkSession.table => snowflake.snowpark.session.Session.table;
Function pyspark.sql.types.ArrayType.fromJson => snowflake.snowpark.types.ArrayType.fromJson;
Function pyspark.sql.types.Row.asDict => snowflake.snowpark.row.Row.asDict;
Function pyspark.sql.types.MapType.fromJson => snowflake.snowpark.types.MapType.fromJson;
Function pyspark.sql.types.StructField.fromJson => snowflake.snowpark.types.StructField.fromJson;
Function pyspark.sql.types.StructType.add => snowflake.snowpark.types.StructType.add;
Function pyspark.sql.types.StructType.fields  => snowflake.snowpark.types.StructType.fields;
Function pyspark.sql.types.StructType.fromJson  => snowflake.snowpark.types.StructType.fromJson;
Function pyspark.sql.types.StructType.names  => snowflake.snowpark.types.StructType.names;
Function pyspark.sql.udf.UDFRegistration.register => snowflake.snowpark.udf.UDFRegistration.register;
Function pyspark.sql.window.Window.orderBy => snowflake.snowpark.window.Window.orderBy;
Function pyspark.sql.window.Window.partitionBy => snowflake.snowpark.window.Window.partitionBy;
Function pyspark.sql.window.Window.rangeBetween => snowflake.snowpark.window.Window.rangeBetween;
Function pyspark.sql.window.Window.rowsBetween => snowflake.snowpark.window.Window.rowsBetween;
Function pyspark.sql.window.WindowSpec.orderBy => snowflake.snowpark.window.WindowSpec.orderBy;
Function pyspark.sql.window.WindowSpec.partitionBy => snowflake.snowpark.window.WindowSpec.partitionBy;
Function pyspark.sql.window.WindowSpec.rangeBetween => snowflake.snowpark.window.WindowSpec.rangeBetween;
Function pyspark.sql.window.WindowSpec.rowsBetween => snowflake.snowpark.window.WindowSpec.rowsBetween;
Function pandas.core.arrays.datetimelike.DatelikeOps.strftime => modin.pandas.Series.dt.strftime;
Function pandas.core.arrays.datetimelike.TimelikeOps.ceil => modin.pandas.Series.dt.ceil;
Function pandas.core.arrays.datetimelike.TimelikeOps.floor => modin.pandas.Series.dt.floor;
Function pandas.core.arrays.datetimelike.TimelikeOps.round => modin.pandas.Series.dt.round;
Function pandas.core.arrays.datetimes.DatetimeArray.date => modin.pandas.Series.dt.date;
Function pandas.core.arrays.datetimes.DatetimeArray.day => modin.pandas.Series.dt.day;
Function pandas.core.arrays.datetimes.DatetimeArray.day_name => modin.pandas.Series.dt.day_name;
Function pandas.core.arrays.datetimes.DatetimeArray.day_of_week => modin.pandas.Series.dt.day_of_week;
Function pandas.core.arrays.datetimes.DatetimeArray.day_of_year => modin.pandas.Series.dt.day_of_year;
Function pandas.core.arrays.datetimes.DatetimeArray.dayofweek => modin.pandas.Series.dt.dayofweek;
Function pandas.core.arrays.datetimes.DatetimeArray.dayofyear => modin.pandas.Series.dt.dayofyear;
Function pandas.core.arrays.datetimes.DatetimeArray.days_in_month => modin.pandas.Series.dt.days_in_month;
Function pandas.core.arrays.datetimes.DatetimeArray.daysinmonth => modin.pandas.Series.dt.daysinmonth;
Function pandas.core.arrays.datetimes.DatetimeArray.hour => modin.pandas.Series.dt.hour;
Function pandas.core.arrays.datetimes.DatetimeArray.is_leap_year => modin.pandas.Series.dt.is_leap_year;
Function pandas.core.arrays.datetimes.DatetimeArray.is_month_end => modin.pandas.Series.dt.is_month_end;
Function pandas.core.arrays.datetimes.DatetimeArray.is_month_start => modin.pandas.Series.dt.is_month_start;
Function pandas.core.arrays.datetimes.DatetimeArray.is_quarter_end => modin.pandas.Series.dt.is_quarter_end;
Function pandas.core.arrays.datetimes.DatetimeArray.is_quarter_start => modin.pandas.Series.dt.is_quarter_start;
Function pandas.core.arrays.datetimes.DatetimeArray.is_year_end => modin.pandas.Series.dt.is_year_end;
Function pandas.core.arrays.datetimes.DatetimeArray.is_year_start => modin.pandas.Series.dt.is_year_start;
Function pandas.core.arrays.datetimes.DatetimeArray.isocalendar => modin.pandas.Series.dt.isocalendar;
Function pandas.core.arrays.datetimes.DatetimeArray.microsecond => modin.pandas.Series.dt.microsecond;
Function pandas.core.arrays.datetimes.DatetimeArray.minute => modin.pandas.Series.dt.minute;
Function pandas.core.arrays.datetimes.DatetimeArray.month => modin.pandas.Series.dt.month;
Function pandas.core.arrays.datetimes.DatetimeArray.month_name => modin.pandas.Series.dt.month_name;
Function pandas.core.arrays.datetimes.DatetimeArray.nanosecond => modin.pandas.Series.dt.nanosecond;
Function pandas.core.arrays.datetimes.DatetimeArray.normalize => modin.pandas.Series.dt.normalize;
Function pandas.core.arrays.datetimes.DatetimeArray.quarter => modin.pandas.Series.dt.quarter;
Function pandas.core.arrays.datetimes.DatetimeArray.second => modin.pandas.Series.dt.second;
Function pandas.core.arrays.datetimes.DatetimeArray.time => modin.pandas.Series.dt.time;
Function pandas.core.arrays.datetimes.DatetimeArray.tz_convert => modin.pandas.Series.dt.tz_convert;
Function pandas.core.arrays.datetimes.DatetimeArray.tz_localize => modin.pandas.Series.dt.tz_localize;
Function pandas.core.arrays.datetimes.DatetimeArray.weekday => modin.pandas.Series.dt.weekday;
Function pandas.core.arrays.datetimes.DatetimeArray.year => modin.pandas.Series.dt.year;
Function pandas.core.arrays.timedeltas.TimedeltaArray.days => modin.pandas.Series.dt.days;
Function pandas.core.arrays.timedeltas.TimedeltaArray.microseconds => modin.pandas.Series.dt.microseconds;
Function pandas.core.arrays.timedeltas.TimedeltaArray.nanoseconds => modin.pandas.Series.dt.nanoseconds;
Function pandas.core.arrays.timedeltas.TimedeltaArray.seconds => modin.pandas.Series.dt.seconds;
Function pandas.core.base.IndexOpsMixin.T => modin.pandas.Index.T;
Function pandas.core.base.IndexOpsMixin.argmax => modin.pandas.Series.argmax;
Function pandas.core.base.IndexOpsMixin.argmin => modin.pandas.Series.argmin;
Function pandas.core.base.IndexOpsMixin.empty => modin.pandas.Index.empty;
Function pandas.core.base.IndexOpsMixin.is_monotonic_decreasing => modin.pandas.Series.is_monotonic_decreasing;
Function pandas.core.base.IndexOpsMixin.is_monotonic_increasing => modin.pandas.Series.is_monotonic_increasing;
Function pandas.core.base.IndexOpsMixin.is_unique => modin.pandas.Series.is_unique;
Function pandas.core.base.IndexOpsMixin.item => modin.pandas.Index.item;
Function pandas.core.base.IndexOpsMixin.ndim => modin.pandas.Index.ndim;
Function pandas.core.base.IndexOpsMixin.nunique => modin.pandas.Index.nunique;
Function pandas.core.base.IndexOpsMixin.shape => modin.pandas.Series.shape;
Function pandas.core.base.IndexOpsMixin.size => modin.pandas.Index.size;
Function pandas.core.base.IndexOpsMixin.to_list => modin.pandas.Index.to_list;
Function pandas.core.base.IndexOpsMixin.to_numpy => modin.pandas.Index.to_numpy;
Function pandas.core.base.IndexOpsMixin.tolist => modin.pandas.Series.tolist;
Function pandas.core.base.IndexOpsMixin.transpose => modin.pandas.Series.transpose;
Function pandas.core.base.IndexOpsMixin.value_counts => modin.pandas.Index.value_counts;
Function pandas.core.frame.DataFrame.T => modin.pandas.DataFrame.T;
Function pandas.core.frame.DataFrame.__dataframe__ => modin.pandas.DataFrame.__dataframe__;
Function pandas.core.frame.DataFrame.attrs => modin.pandas.DataFrame.attrs;
Function pandas.core.frame.DataFrame.eval => modin.pandas.DataFrame.eval;
Function pandas.core.frame.DataFrame.expanding => modin.pandas.DataFrame.expanding;
Function pandas.core.frame.DataFrame.flags => modin.pandas.DataFrame.flags;
Function pandas.core.frame.DataFrame.from_records => modin.pandas.DataFrame.from_records;
Function pandas.core.frame.DataFrame.index => modin.pandas.DataFrame.index;
Function pandas.core.frame.DataFrame.melt => modin.pandas.DataFrame.melt;
Function pandas.core.frame.DataFrame.pad => modin.pandas.DataFrame.pad;
Function pandas.core.frame.DataFrame.pct_change => modin.pandas.DataFrame.pct_change;
Function pandas.core.frame.DataFrame.quantile => modin.pandas.DataFrame.quantile;
Function pandas.core.frame.DataFrame.std => modin.pandas.DataFrame.std;
Function pandas.core.frame.DataFrame.style => modin.pandas.DataFrame.style;
Function pandas.core.frame.DataFrame.tz_convert => modin.pandas.DataFrame.tz_convert;
Function pandas.core.frame.DataFrame.tz_localize => modin.pandas.DataFrame.tz_localize;
Function pandas.core.frame.DataFrame.values => modin.pandas.DataFrame.values;
Function pandas.core.generic.NDFrame.abs => modin.pandas.DataFrame.abs;
Function pandas.core.generic.NDFrame.add_prefix => modin.pandas.DataFrame.add_prefix;
Function pandas.core.generic.NDFrame.add_suffix => modin.pandas.DataFrame.add_suffix;
Function pandas.core.generic.NDFrame.align => modin.pandas.DataFrame.align;
Function pandas.core.generic.NDFrame.asfreq => modin.pandas.DataFrame.asfreq;
Function pandas.core.generic.NDFrame.astype => modin.pandas.DataFrame.astype;
Function pandas.core.generic.NDFrame.attrs => modin.pandas.DataFrame.attrs;
Function pandas.core.generic.NDFrame.copy => modin.pandas.DataFrame.copy;
Function pandas.core.generic.NDFrame.describe => modin.pandas.DataFrame.describe;
Function pandas.core.generic.NDFrame.dtypes => modin.pandas.DataFrame.dtypes;
Function pandas.core.generic.NDFrame.empty => modin.pandas.DataFrame.empty;
Function pandas.core.generic.NDFrame.equals => modin.pandas.DataFrame.equals;
Function pandas.core.generic.NDFrame.expanding => modin.pandas.DataFrame.expanding;
Function pandas.core.generic.NDFrame.ffill => modin.pandas.DataFrame.ffill;
Function pandas.core.generic.NDFrame.fillna => modin.pandas.DataFrame.fillna;
Function pandas.core.generic.NDFrame.first => modin.pandas.DataFrame.first;
Function pandas.core.generic.NDFrame.first_valid_index => modin.pandas.DataFrame.first_valid_index;
Function pandas.core.generic.NDFrame.flags => modin.pandas.DataFrame.flags;
Function pandas.core.generic.NDFrame.get => modin.pandas.DataFrame.get;
Function pandas.core.generic.NDFrame.head => modin.pandas.DataFrame.head;
Function pandas.core.generic.NDFrame.interpolate => modin.pandas.DataFrame.interpolate;
Function pandas.core.generic.NDFrame.keys => modin.pandas.DataFrame.keys;
Function pandas.core.generic.NDFrame.last => modin.pandas.DataFrame.last;
Function pandas.core.generic.NDFrame.last_valid_index => modin.pandas.DataFrame.last_valid_index;
Function pandas.core.generic.NDFrame.mask => modin.pandas.DataFrame.mask;
Function pandas.core.generic.NDFrame.ndim => modin.pandas.DataFrame.ndim;
Function pandas.core.generic.NDFrame.pad => modin.pandas.DataFrame.pad;
Function pandas.core.generic.NDFrame.pct_change => modin.pandas.DataFrame.pct_change;
Function pandas.core.generic.NDFrame.rank => modin.pandas.DataFrame.rank;
Function pandas.core.generic.NDFrame.rename_axis => modin.pandas.DataFrame.rename_axis;
Function pandas.core.generic.NDFrame.replace => modin.pandas.DataFrame.replace;
Function pandas.core.generic.NDFrame.resample => modin.pandas.DataFrame.resample;
Function pandas.core.generic.NDFrame.rolling => modin.pandas.DataFrame.rolling;
Function pandas.core.generic.NDFrame.sample => modin.pandas.DataFrame.sample;
Function pandas.core.generic.NDFrame.shift => modin.pandas.Series.shift;
Function pandas.core.generic.NDFrame.size => modin.pandas.DataFrame.size;
Function pandas.core.generic.NDFrame.squeeze => modin.pandas.DataFrame.squeeze;
Function pandas.core.generic.NDFrame.tail => modin.pandas.DataFrame.tail;
Function pandas.core.generic.NDFrame.take => modin.pandas.DataFrame.take;
Function pandas.core.generic.NDFrame.to_csv => modin.pandas.DataFrame.to_csv;
Function pandas.core.generic.NDFrame.to_excel => modin.pandas.DataFrame.to_excel;
Function pandas.core.generic.NDFrame.tz_convert => modin.pandas.DataFrame.tz_convert;
Function pandas.core.generic.NDFrame.tz_localize => modin.pandas.DataFrame.tz_localize;
Function pandas.core.generic.NDFrame.where => modin.pandas.DataFrame.where;
Function pandas.core.groupby.generic.DataFrameGroupBy.fillna => modin.pandas.groupby.DataFrameGroupBy.fillna;
Function pandas.core.groupby.generic.DataFrameGroupBy.transform => modin.pandas.groupby.DataFrameGroupBy.transform;
Function pandas.core.groupby.generic.DataFrameGroupBy.value_counts => modin.pandas.groupby.DataFrameGroupBy.value_counts;
Function pandas.core.groupby.groupby.BaseGroupBy.__iter__ => modin.pandas.groupby.DataFrameGroupBy.__iter__;
Function pandas.core.groupby.groupby.BaseGroupBy.__len__ => modin.pandas.groupby.DataFrameGroupBy.__len__;
Function pandas.core.groupby.groupby.BaseGroupBy.get_group => modin.pandas.groupby.DataFrameGroupBy.get_group;
Function pandas.core.groupby.groupby.BaseGroupBy.groups => modin.pandas.groupby.DataFrameGroupBy.groups;
Function pandas.core.groupby.groupby.GroupBy.all => modin.pandas.groupby.DataFrameGroupBy.all;
Function pandas.core.groupby.groupby.GroupBy.any => modin.pandas.groupby.DataFrameGroupBy.any;
Function pandas.core.groupby.groupby.GroupBy.apply => modin.pandas.groupby.DataFrameGroupBy.apply;
Function pandas.core.groupby.groupby.GroupBy.bfill => modin.pandas.groupby.DataFrameGroupBy.bfill;
Function pandas.core.groupby.groupby.GroupBy.count => modin.pandas.groupby.DataFrameGroupBy.count;
Function pandas.core.groupby.groupby.GroupBy.cumcount => modin.pandas.groupby.DataFrameGroupBy.cumcount;
Function pandas.core.groupby.groupby.GroupBy.cummax => modin.pandas.groupby.DataFrameGroupBy.cummax;
Function pandas.core.groupby.groupby.GroupBy.cummin => modin.pandas.groupby.DataFrameGroupBy.cummin;
Function pandas.core.groupby.groupby.GroupBy.cumsum => modin.pandas.groupby.DataFrameGroupBy.cumsum;
Function pandas.core.groupby.groupby.GroupBy.first => modin.pandas.groupby.DataFrameGroupBy.first;
Function pandas.core.groupby.groupby.GroupBy.head => modin.pandas.groupby.DataFrameGroupBy.head;
Function pandas.core.groupby.groupby.GroupBy.last => modin.pandas.groupby.DataFrameGroupBy.last;
Function pandas.core.groupby.groupby.GroupBy.max => modin.pandas.groupby.DataFrameGroupBy.max;
Function pandas.core.groupby.groupby.GroupBy.mean => modin.pandas.groupby.DataFrameGroupBy.mean;
Function pandas.core.groupby.groupby.GroupBy.median => modin.pandas.groupby.DataFrameGroupBy.median;
Function pandas.core.groupby.groupby.GroupBy.min => modin.pandas.groupby.DataFrameGroupBy.min;
Function pandas.core.groupby.groupby.GroupBy.pct_change => modin.pandas.groupby.DataFrameGroupBy.pct_change;
Function pandas.core.groupby.groupby.GroupBy.quantile => modin.pandas.groupby.DataFrameGroupBy.quantile;
Function pandas.core.groupby.groupby.GroupBy.rank => modin.pandas.groupby.DataFrameGroupBy.rank;
Function pandas.core.groupby.groupby.GroupBy.resample => modin.pandas.groupby.DataFrameGroupBy.resample;
Function pandas.core.groupby.groupby.GroupBy.rolling => modin.pandas.groupby.DataFrameGroupBy.rolling;
Function pandas.core.groupby.groupby.GroupBy.shift => modin.pandas.groupby.DataFrameGroupBy.shift;
Function pandas.core.groupby.groupby.GroupBy.size => modin.pandas.groupby.DataFrameGroupBy.size;
Function pandas.core.groupby.groupby.GroupBy.std => modin.pandas.groupby.DataFrameGroupBy.std;
Function pandas.core.groupby.groupby.GroupBy.sum => modin.pandas.groupby.DataFrameGroupBy.sum;
Function pandas.core.groupby.groupby.GroupBy.tail => modin.pandas.groupby.DataFrameGroupBy.tail;
Function pandas.core.groupby.groupby.GroupBy.var => modin.pandas.groupby.DataFrameGroupBy.var;
Function pandas.core.indexes.base.Index.T => modin.pandas.Index.T;
Function pandas.core.indexes.base.Index.all => modin.pandas.Index.all;
Function pandas.core.indexes.base.Index.any => modin.pandas.Index.any;
Function pandas.core.indexes.base.Index.array => modin.pandas.Index.array;
Function pandas.core.indexes.base.Index.empty => modin.pandas.Index.empty;
Function pandas.core.indexes.base.Index.has_duplicates => modin.pandas.Index.has_duplicates;
Function pandas.core.indexes.base.Index.is_unique => modin.pandas.Index.is_unique;
Function pandas.core.indexes.base.Index.ndim => modin.pandas.Index.ndim;
Function pandas.core.indexes.base.Index.nlevels => modin.pandas.Index.nlevels;
Function pandas.core.indexes.base.Index.reindex => modin.pandas.Index.reindex;
Function pandas.core.indexes.base.Index.size => modin.pandas.Index.size;
Function pandas.core.indexes.base.Index.sort_values => modin.pandas.Index.sort_values;
Function pandas.core.indexes.base.Index.str => modin.pandas.Index.str;
Function pandas.core.indexes.base.Index.value_counts => modin.pandas.Index.value_counts;
Function pandas.core.indexes.datetimes.DatetimeIndex.date => modin.pandas.DatetimeIndex.date;
Function pandas.core.indexes.datetimes.DatetimeIndex.day => modin.pandas.DatetimeIndex.day;
Function pandas.core.indexes.datetimes.DatetimeIndex.day_of_week => modin.pandas.DatetimeIndex.day_of_week;
Function pandas.core.indexes.datetimes.DatetimeIndex.day_of_year => modin.pandas.DatetimeIndex.day_of_year;
Function pandas.core.indexes.datetimes.DatetimeIndex.dayofweek => modin.pandas.DatetimeIndex.dayofweek;
Function pandas.core.indexes.datetimes.DatetimeIndex.dayofyear => modin.pandas.DatetimeIndex.dayofyear;
Function pandas.core.indexes.datetimes.DatetimeIndex.hour => modin.pandas.DatetimeIndex.hour;
Function pandas.core.indexes.datetimes.DatetimeIndex.is_month_end => modin.pandas.DatetimeIndex.is_month_end;
Function pandas.core.indexes.datetimes.DatetimeIndex.is_month_start => modin.pandas.DatetimeIndex.is_month_start;
Function pandas.core.indexes.datetimes.DatetimeIndex.mean => modin.pandas.DatetimeIndex.mean;
Function pandas.core.indexes.datetimes.DatetimeIndex.microsecond => modin.pandas.DatetimeIndex.microsecond;
Function pandas.core.indexes.datetimes.DatetimeIndex.minute => modin.pandas.DatetimeIndex.minute;
Function pandas.core.indexes.datetimes.DatetimeIndex.month => modin.pandas.DatetimeIndex.month;
Function pandas.core.indexes.datetimes.DatetimeIndex.nanosecond => modin.pandas.DatetimeIndex.nanosecond;
Function pandas.core.indexes.datetimes.DatetimeIndex.normalize => modin.pandas.DatetimeIndex.normalize;
Function pandas.core.indexes.datetimes.DatetimeIndex.quarter => modin.pandas.DatetimeIndex.quarter;
Function pandas.core.indexes.datetimes.DatetimeIndex.second => modin.pandas.DatetimeIndex.second;
Function pandas.core.indexes.datetimes.DatetimeIndex.tz_convert => modin.pandas.DatetimeIndex.tz_convert;
Function pandas.core.indexes.datetimes.DatetimeIndex.tz_localize => modin.pandas.DatetimeIndex.tz_localize;
Function pandas.core.indexes.datetimes.DatetimeIndex.year => modin.pandas.DatetimeIndex.year;
Function pandas.core.indexes.timedeltas.TimedeltaIndex.total_seconds => modin.pandas.TimedeltaIndex.total_seconds;
Function pandas.core.indexing.IndexingMixin.at => modin.pandas.DataFrame.at;
Function pandas.core.indexing.IndexingMixin.iat => modin.pandas.DataFrame.iat;
Function pandas.core.indexing.IndexingMixin.iloc => modin.pandas.DataFrame.iloc;
Function pandas.core.indexing.IndexingMixin.loc => modin.pandas.DataFrame.loc;
Function pandas.core.resample.Resampler.ffill => modin.pandas.resample.Resample.ffill;
Function pandas.core.resample.Resampler.first => modin.pandas.resample.Resample.first;
Function pandas.core.resample.Resampler.last => modin.pandas.resample.Resample.last;
Function pandas.core.resample.Resampler.std => modin.pandas.resample.Resample.std;
Function pandas.core.resample.Resampler.var => modin.pandas.resample.Resample.var;
Function pandas.core.reshape.merge.merge_asof => modin.pandas.merge_asof;
Function pandas.core.reshape.pivot.pivot => modin.pandas.pivot;
Function pandas.core.series.Series.attrs => modin.pandas.Series.attrs;
Function pandas.core.series.Series.backfill => modin.pandas.Series.backfill;
Function pandas.core.series.Series.bfill => modin.pandas.Series.bfill;
Function pandas.core.series.Series.empty => modin.pandas.Series.empty;
Function pandas.core.series.Series.expanding => modin.pandas.Series.expanding;
Function pandas.core.series.Series.first => modin.pandas.Series.first;
Function pandas.core.series.Series.flags => modin.pandas.Series.flags;
Function pandas.core.series.Series.hist => modin.pandas.Series.hist;
Function pandas.core.series.Series.info => modin.pandas.Series.info;
Function pandas.core.series.Series.is_unique => modin.pandas.Series.is_unique;
Function pandas.core.series.Series.loc => modin.pandas.Series.loc;
Function pandas.core.series.Series.map => modin.pandas.Series.map;
Function pandas.core.series.Series.pad => modin.pandas.Series.pad;
Function pandas.core.series.Series.pct_change => modin.pandas.Series.pct_change;
Function pandas.core.series.Series.shape => modin.pandas.Series.shape;
Function pandas.core.series.Series.tolist => modin.pandas.Series.tolist;
Function pandas.core.series.Series.tz_convert => modin.pandas.Series.tz_convert;
Function pandas.core.series.Series.tz_localize => modin.pandas.Series.tz_localize;
Function pandas.core.strings.accessor.StringMethods.__getitem__ => modin.pandas.Series.str.__getitem__;
Function pandas.core.strings.accessor.StringMethods.capitalize => modin.pandas.Series.str.capitalize;
Function pandas.core.strings.accessor.StringMethods.center => modin.pandas.Series.str.center;
Function pandas.core.strings.accessor.StringMethods.contains => modin.pandas.Series.str.contains;
Function pandas.core.strings.accessor.StringMethods.count => modin.pandas.Series.str.count;
Function pandas.core.strings.accessor.StringMethods.endswith => modin.pandas.Series.str.endswith;
Function pandas.core.strings.accessor.StringMethods.get => modin.pandas.Series.str.get;
Function pandas.core.strings.accessor.StringMethods.isdigit => modin.pandas.Series.str.isdigit;
Function pandas.core.strings.accessor.StringMethods.islower => modin.pandas.Series.str.islower;
Function pandas.core.strings.accessor.StringMethods.istitle => modin.pandas.Series.str.istitle;
Function pandas.core.strings.accessor.StringMethods.isupper => modin.pandas.Series.str.isupper;
Function pandas.core.strings.accessor.StringMethods.len => modin.pandas.Series.str.len;
Function pandas.core.strings.accessor.StringMethods.ljust => modin.pandas.Series.str.ljust;
Function pandas.core.strings.accessor.StringMethods.lower => modin.pandas.Series.str.lower;
Function pandas.core.strings.accessor.StringMethods.lstrip => modin.pandas.Series.str.lstrip;
Function pandas.core.strings.accessor.StringMethods.match => modin.pandas.Series.str.match;
Function pandas.core.strings.accessor.StringMethods.pad => modin.pandas.Series.str.pad;
Function pandas.core.strings.accessor.StringMethods.replace => modin.pandas.Series.str.replace;
Function pandas.core.strings.accessor.StringMethods.rjust => modin.pandas.Series.str.rjust;
Function pandas.core.strings.accessor.StringMethods.rstrip => modin.pandas.Series.str.rstrip;
Function pandas.core.strings.accessor.StringMethods.slice => modin.pandas.Series.str.slice;
Function pandas.core.strings.accessor.StringMethods.split => modin.pandas.Series.str.split;
Function pandas.core.strings.accessor.StringMethods.startswith => modin.pandas.Series.str.startswith;
Function pandas.core.strings.accessor.StringMethods.strip => modin.pandas.Series.str.strip;
Function pandas.core.strings.accessor.StringMethods.title => modin.pandas.Series.str.title;
Function pandas.core.strings.accessor.StringMethods.translate => modin.pandas.Series.str.translate;
Function pandas.core.strings.accessor.StringMethods.upper => modin.pandas.Series.str.upper;
Function pandas.core.window.ewm.ExponentialMovingWindow.corr => modin.pandas.window.ExponentialMovingWindow.corr;
Function pandas.core.window.ewm.ExponentialMovingWindow.mean => modin.pandas.window.ExponentialMovingWindow.mean;
Function pandas.core.window.ewm.ExponentialMovingWindow.std => modin.pandas.window.ExponentialMovingWindow.std;
Function pandas.core.window.ewm.ExponentialMovingWindow.sum => modin.pandas.window.ExponentialMovingWindow.sum;
Function pandas.core.window.ewm.ExponentialMovingWindow.var => modin.pandas.window.ExponentialMovingWindow.var;
Function pandas.core.window.expanding.Expanding.corr => modin.pandas.window.Expanding.corr;
Function pandas.core.window.expanding.Expanding.count => modin.pandas.window.Expanding.count;
Function pandas.core.window.expanding.Expanding.max => modin.pandas.window.Expanding.max;
Function pandas.core.window.expanding.Expanding.mean => modin.pandas.window.Expanding.mean;
Function pandas.core.window.expanding.Expanding.min => modin.pandas.window.Expanding.min;
Function pandas.core.window.expanding.Expanding.sem => modin.pandas.window.Expanding.sem;
Function pandas.core.window.expanding.Expanding.std => modin.pandas.window.Expanding.std;
Function pandas.core.window.expanding.Expanding.sum => modin.pandas.window.Expanding.sum;
Function pandas.core.window.expanding.Expanding.var => modin.pandas.window.Expanding.var;
Function pandas.core.window.rolling.Rolling.corr => modin.pandas.window.Rolling.corr;
Function pandas.core.window.rolling.Rolling.count => modin.pandas.window.Rolling.count;
Function pandas.core.window.rolling.Rolling.max => modin.pandas.window.Rolling.max;
Function pandas.core.window.rolling.Rolling.mean => modin.pandas.window.Rolling.mean;
Function pandas.core.window.rolling.Rolling.min => modin.pandas.window.Rolling.min;
Function pandas.core.window.rolling.Rolling.sem => modin.pandas.window.Rolling.sem;
Function pandas.core.window.rolling.Rolling.std => modin.pandas.window.Rolling.std;
Function pandas.core.window.rolling.Rolling.sum => modin.pandas.window.Rolling.sum;
Function pandas.core.window.rolling.Rolling.var => modin.pandas.window.Rolling.var;
Function pandas.core.window.rolling.Window.mean => modin.pandas.window.Window.mean;
Function pandas.core.window.rolling.Window.std => modin.pandas.window.Window.std;
Function pandas.core.window.rolling.Window.sum => modin.pandas.window.Window.sum;
Function pandas.core.window.rolling.Window.var => modin.pandas.window.Window.var;
Function pandas.io.json._json.read_json => modin.pandas.read_json;
Function snowpark_pandas.read_snowflake => modin.pandas.read_snowflake;
Function snowpark_pandas.to_dynamic_table => modin.pandas.to_dynamic_table;
Function snowpark_pandas.to_iceberg => modin.pandas.to_iceberg;
Function snowpark_pandas.to_pandas => modin.pandas.to_pandas;
Function snowpark_pandas.to_snowflake => modin.pandas.to_snowflake;
Function snowpark_pandas.to_view => modin.pandas.to_view;
