Type pandas.core.frame.DataFrame => modin.pandas.DataFrame;
Type pandas.core.groupby.generic.SeriesGroupBy => modin.pandas.SeriesGroupBy;
Type pandas.core.groupby.generic.DataFrameGroupBy => modin.pandas.DataFrameGroupBy;
Type pandas.core.indexes.base.Index => modin.pandas.Index;
Type pandas.io.excel._base.ExcelFile => modin.pandas.io.ExcelFile;
Type pyspark.ml.classification.DecisionTreeClassifier => snowflake.ml.modeling.tree.DecisionTreeClassifier;
Type pyspark.ml.classification.GBTClassifier => snowflake.ml.modeling.ensemble.GradientBoostingClassifier;
Type pyspark.ml.classification.LinearSVC => snowflake.ml.modeling.svm.LinearSVC;
Type pyspark.ml.classification.LogisticRegression => snowflake.ml.modeling.linear_model.LogisticRegression;
Type pyspark.ml.classification.RandomForestClassifier => snowflake.ml.modeling.ensemble.RandomForestClassifier;
Type pyspark.ml.clustering.KMeans => snowflake.ml.modeling.cluster.KMeans;
Type pyspark.ml.feature.Binarizer => snowflake.ml.modeling.preprocessing.Binarizer;
Type pyspark.ml.feature.MaxAbsScaler => snowflake.ml.modeling.preprocessing.MaxAbsScaler;
Type pyspark.ml.feature.MinMaxScaler => snowflake.ml.modeling.preprocessing.MinMaxScaler;
Type pyspark.ml.feature.Normalizer => snowflake.ml.modeling.preprocessing.Normalizer;
Type pyspark.ml.feature.OneHotEncoder => snowflake.ml.modeling.preprocessing.OneHotEncoder;
Type pyspark.ml.feature.PCA => snowflake.ml.modeling.decomposition.PCA;
Type pyspark.ml.feature.RobustScaler => snowflake.ml.modeling.preprocessing.RobustScaler;
Type pyspark.ml.feature.StandardScaler => snowflake.ml.modeling.preprocessing.StandardScaler;
Type pyspark.ml.feature.StringIndexer => snowflake.ml.modeling.preprocessing.LabelEncoder;
Type pyspark.ml.regression.LinearRegression => snowflake.ml.modeling.linear_model.LinearRegression;
Type pyspark.rdd.RDD => snowflake.snowpark.dataframe.DataFrame;
Type pyspark.sql.column.Column => snowflake.snowpark.column.Column;
Type pyspark.sql.dataframe.DataFrame => snowflake.snowpark.dataframe.DataFrame;
Type pyspark.sql.dataframe.DataFrameNaFunctions => snowflake.snowpark.dataframe.DataFrameNaFunctions;
Type pyspark.sql.dataframe.DataFrameStatFunctions => snowflake.snowpark.dataframe.DataFrameStatFunctions;
Type pyspark.sql.group.GroupedData => snowflake.snowpark.relational_grouped_dataframe.RelationalGroupedDataFrame;
Type pyspark.sql.readwriter.DataFrameReader => snowflake.snowpark.read_writer.DataFrameReader;
Type pyspark.sql.readwriter.DataFrameWriter => snowflake.snowpark.read_writer.DataFrameWriter;
Type pyspark.sql.session.SparkSession => snowflake.snowpark.session.Session;
Type pyspark.sql.session.SparkSession.Builder => snowflake.snowpark.session.Session.SessionBuilder;
Type pyspark.sql.types.ArrayType => snowflake.snowpark.types.ArrayType;
Type pyspark.sql.types.AtomicType => snowflake.snowpark.types._AtomicType;
Type pyspark.sql.types.BinaryType => snowflake.snowpark.types.BinaryType;
Type pyspark.sql.types.BooleanType => snowflake.snowpark.types.BooleanType;
Type pyspark.sql.types.ByteType => snowflake.snowpark.types.ByteType;
Type pyspark.sql.types.DataType => snowflake.snowpark.types.DataType;
Type pyspark.sql.types.DateType => snowflake.snowpark.types.DateType;
Type pyspark.sql.types.DayTimeIntervalType => snowflake.snowpark.types.DayTimeIntervalType;
Type pyspark.sql.types.DecimalType => snowflake.snowpark.types.DecimalType;
Type pyspark.sql.types.DoubleType => snowflake.snowpark.types.DoubleType;
Type pyspark.sql.types.FloatType => snowflake.snowpark.types.FloatType;
Type pyspark.sql.types.FractionalType => snowflake.snowpark.types._FractionalType;
Type pyspark.sql.types.IntegerType => snowflake.snowpark.types.IntegerType;
Type pyspark.sql.types.IntegralType => snowflake.snowpark.types._IntegralType;
Type pyspark.sql.types.LongType => snowflake.snowpark.types.LongType;
Type pyspark.sql.types.MapType => snowflake.snowpark.types.MapType;
Type pyspark.sql.types.NullType => snowflake.snowpark.types.NullType;
Type pyspark.sql.types.NumericType => snowflake.snowpark.types._NumericType;
Type pyspark.sql.types.Row => snowflake.snowpark.row.Row;
Type pyspark.sql.types.ShortType => snowflake.snowpark.types.ShortType;
Type pyspark.sql.types.StringType => snowflake.snowpark.types.StringType;
Type pyspark.sql.types.StructField => snowflake.snowpark.types.StructField;
Type pyspark.sql.types.StructType => snowflake.snowpark.types.StructType;
Type pyspark.sql.types.TimestampType => snowflake.snowpark.types.TimestampType;
Type pyspark.sql.types.YearMonthIntervalType => snowflake.snowpark.types.YearMonthIntervalType;
Type pyspark.sql.udf.UDFRegistration => snowflake.snowpark.udf.UDFRegistration;
Type pyspark.sql.window.Window => snowflake.snowpark.window.Window;
Type pyspark.sql.window.WindowSpec => snowflake.snowpark.window.WindowSpec;
