Function org.apache.spark.sql.Builder.getOrCreate => com.snowflake.snowpark.Session.SessionBuilder.getOrCreate;
Function org.apache.spark.sql.Builder.appName => com.snowflake.snowpark.Session.SessionBuilder.appName;
Function org.apache.spark.sql.Column.&& => com.snowflake.snowpark.Column.&&;
Function org.apache.spark.sql.Column.as => com.snowflake.snowpark.Column.as;
Function org.apache.spark.sql.Column.* => com.snowflake.snowpark.Column.*;
Function org.apache.spark.sql.Column.=== => com.snowflake.snowpark.Column.===;
Function org.apache.spark.sql.Column.=!= => com.snowflake.snowpark.Column.=!=;
Function org.apache.spark.sql.Column.> => com.snowflake.snowpark.Column.>;
Function org.apache.spark.sql.Column.>= => com.snowflake.snowpark.Column.>=;
Function org.apache.spark.sql.Column.< => com.snowflake.snowpark.Column.<;
Function org.apache.spark.sql.Column.<= => com.snowflake.snowpark.Column.<=;
Function org.apache.spark.sql.Column.<=> => com.snowflake.snowpark.Column.<=>;
Function org.apache.spark.sql.Column.- => com.snowflake.snowpark.Column.-;
Function org.apache.spark.sql.Column.!== => com.snowflake.snowpark.Column.=!=;
Function org.apache.spark.sql.Column.% => com.snowflake.snowpark.Column.%;
Function org.apache.spark.sql.Column.|| => com.snowflake.snowpark.Column.||;
Function org.apache.spark.sql.Column.+ => com.snowflake.snowpark.Column.+;
Function org.apache.spark.sql.Column./ => com.snowflake.snowpark.Column./;
Function org.apache.spark.sql.Column.alias => com.snowflake.snowpark.Column.alias;
Function org.apache.spark.sql.Column.and => com.snowflake.snowpark.Column.and;
Function org.apache.spark.sql.Column.apply => com.snowflake.snowpark.Column.apply;
Function org.apache.spark.sql.Column.asc => com.snowflake.snowpark.Column.asc;
Function org.apache.spark.sql.Column.asc_nulls_first => com.snowflake.snowpark.Column.asc_nulls_first;
Function org.apache.spark.sql.Column.asc_nulls_last => com.snowflake.snowpark.Column.asc_nulls_last;
Function org.apache.spark.sql.Column.between => com.snowflake.snowpark.Column.between;
Function org.apache.spark.sql.Column.bitwiseAND => com.snowflake.snowpark.Column.bitwiseAND;
Function org.apache.spark.sql.Column.bitwiseOR => com.snowflake.snowpark.Column.bitwiseOR;
Function org.apache.spark.sql.Column.bitwiseXOR => com.snowflake.snowpark.Column.bitwiseXOR;
Function org.apache.spark.sql.Column.cast => com.snowflake.snowpark.Column.cast;
Function org.apache.spark.sql.Column.desc => com.snowflake.snowpark.Column.desc;
Function org.apache.spark.sql.Column.desc_nulls_first => com.snowflake.snowpark.Column.desc_nulls_first;
Function org.apache.spark.sql.Column.desc_nulls_last => com.snowflake.snowpark.Column.desc_nulls_last;
Function org.apache.spark.sql.Column.divide => com.snowflake.snowpark.Column.divide;
Function org.apache.spark.sql.Column.eqNullSafe => com.snowflake.snowpark.Column.equal_null;
Function org.apache.spark.sql.Column.equalTo => com.snowflake.snowpark.Column.equal_to;
Function org.apache.spark.sql.Column.geq => com.snowflake.snowpark.Column.geq;
Function org.apache.spark.sql.Column.getField => com.snowflake.snowpark.Column.getField;
Function org.apache.spark.sql.Column.getItem => com.snowflake.snowpark.Column.getItem;
Function org.apache.spark.sql.Column.gt => com.snowflake.snowpark.Column.gt;
Function org.apache.spark.sql.Column.isin => com.snowflake.snowpark.Column.isin;
Function org.apache.spark.sql.Column.isNaN => com.snowflake.snowpark.Column.isNaN;
Function org.apache.spark.sql.Column.isNotNull => com.snowflake.snowpark.Column.isNotNull;
Function org.apache.spark.sql.Column.isNull => com.snowflake.snowpark.Column.isNull;
Function org.apache.spark.sql.Column.leq => com.snowflake.snowpark.Column.leq;
Function org.apache.spark.sql.Column.like => com.snowflake.snowpark.Column.like;
Function org.apache.spark.sql.Column.lt => com.snowflake.snowpark.Column.lt;
Function org.apache.spark.sql.Column.minus => com.snowflake.snowpark.Column.minus;
Function org.apache.spark.sql.Column.mod => com.snowflake.snowpark.Column.mod;
Function org.apache.spark.sql.Column.multiply => com.snowflake.snowpark.Column.multiply;
Function org.apache.spark.sql.Column.name => com.snowflake.snowpark.Column.name;
Function org.apache.spark.sql.Column.notEqual => com.snowflake.snowpark.Column.not_equal;
Function org.apache.spark.sql.Column.or => com.snowflake.snowpark.Column.or;
Function org.apache.spark.sql.Column.otherwise => com.snowflake.snowpark.Column.otherwise;
Function org.apache.spark.sql.Column.over => com.snowflake.snowpark.Column.over;
Function org.apache.spark.sql.Column.plus => com.snowflake.snowpark.Column.plus;
Function org.apache.spark.sql.Column.rlike => com.snowflake.snowpark.Column.rlike;
Function org.apache.spark.sql.Column.startsWith => com.snowflake.snowpark.Column.startsWith;
Function org.apache.spark.sql.Column.substr => com.snowflake.snowpark.Column.substr;
Function org.apache.spark.sql.Column.unary_- => com.snowflake.snowpark.Column.unary_-;
Function org.apache.spark.sql.Column.unary_! => com.snowflake.snowpark.Column.unary_!;
Function org.apache.spark.sql.Column.when => com.snowflake.snowpark.Column.when;
Function org.apache.spark.sql.Dataset.agg => com.snowflake.snowpark.DataFrame.agg;
Function org.apache.spark.sql.Dataset.alias => com.snowflake.snowpark.DataFrame.alias;
Function org.apache.spark.sql.Dataset.apply => com.snowflake.snowpark.DataFrame.apply;
Function org.apache.spark.sql.Dataset.as => com.snowflake.snowpark.DataFrame.alias;
Function org.apache.spark.sql.Dataset.cache => com.snowflake.snowpark.DataFrame.cacheResult;
Function org.apache.spark.sql.Dataset.col => com.snowflake.snowpark.DataFrame.col;
Function org.apache.spark.sql.Dataset.collect => com.snowflake.snowpark.DataFrame.collect;
Function org.apache.spark.sql.Dataset.collectAsList => com.snowflake.snowpark.DataFrame.collectAsList;
Function org.apache.spark.sql.Dataset.columns => com.snowflake.snowpark.DataFrame.columns;
Function org.apache.spark.sql.Dataset.count => com.snowflake.snowpark.DataFrame.count;
Function org.apache.spark.sql.Dataset.createOrReplaceTempView => com.snowflake.snowpark.DataFrame.createOrReplaceTempView;
Function org.apache.spark.sql.Dataset.createTempView => com.snowflake.snowpark.DataFrame.createOrReplaceTempView;
Function org.apache.spark.sql.Dataset.crossJoin => com.snowflake.snowpark.DataFrame.crossJoin;
Function org.apache.spark.sql.Dataset.cube => com.snowflake.snowpark.DataFrame.cube;
Function org.apache.spark.sql.Dataset.distinct => com.snowflake.snowpark.DataFrame.distinct;
Function org.apache.spark.sql.Dataset.drop => com.snowflake.snowpark.DataFrame.drop;
Function org.apache.spark.sql.Dataset.dropDuplicates => com.snowflake.snowpark.DataFrame.dropDuplicates;
Function org.apache.spark.sql.Dataset.except => com.snowflake.snowpark.DataFrame.except;
Function org.apache.spark.sql.Dataset.explain => com.snowflake.snowpark.DataFrame.explain;
Function org.apache.spark.sql.Dataset.filter => com.snowflake.snowpark.DataFrame.filter;
Function org.apache.spark.sql.Dataset.first => com.snowflake.snowpark.DataFrame.first;
Function org.apache.spark.sql.Dataset.foreach => com.snowflake.snowpark.DataFrame.foreach;
Function org.apache.spark.sql.Dataset.groupBy => com.snowflake.snowpark.DataFrame.groupBy;
Function org.apache.spark.sql.Dataset.head => com.snowflake.snowpark.DataFrame.head;
Function org.apache.spark.sql.Dataset.intersect => com.snowflake.snowpark.DataFrame.intersect;
Function org.apache.spark.sql.Dataset.isEmpty => com.snowflake.snowpark.DataFrame.isEmpty;
Function org.apache.spark.sql.Dataset.join => com.snowflake.snowpark.DataFrame.join;
Function org.apache.spark.sql.Dataset.joinWith => com.snowflake.snowpark.DataFrame.join;
Function org.apache.spark.sql.Dataset.limit => com.snowflake.snowpark.DataFrame.limit;
Function org.apache.spark.sql.Dataset.na => com.snowflake.snowpark.DataFrame.na;
Function org.apache.spark.sql.Dataset.orderBy => com.snowflake.snowpark.DataFrame.orderBy;
Function org.apache.spark.sql.Dataset.printSchema => com.snowflake.snowpark.DataFrame.printSchema;
Function org.apache.spark.sql.Dataset.randomSplit => com.snowflake.snowpark.DataFrame.randomSplit;
Function org.apache.spark.sql.Dataset.reduce => com.snowflake.snowpark.DataFrame.reduce;
Function org.apache.spark.sql.Dataset.rollup => com.snowflake.snowpark.DataFrame.rollup;
Function org.apache.spark.sql.Dataset.schema => com.snowflake.snowpark.DataFrame.schema;
Function org.apache.spark.sql.Dataset.select => com.snowflake.snowpark.DataFrame.select;
Function org.apache.spark.sql.Dataset.selectExpr => com.snowflake.snowpark.DataFrame.selectExpr;
Function org.apache.spark.sql.Dataset.show => com.snowflake.snowpark.DataFrame.show;
Function org.apache.spark.sql.Dataset.sort => com.snowflake.snowpark.DataFrame.sort;
Function org.apache.spark.sql.Dataset.stat => com.snowflake.snowpark.DataFrame.stat;
Function org.apache.spark.sql.Dataset.take => com.snowflake.snowpark.DataFrame.take;
Function org.apache.spark.sql.Dataset.toDF => com.snowflake.snowpark.DataFrame.toDF;
Function org.apache.spark.sql.Dataset.toJSON => com.snowflake.snowpark.DataFrame.toJSON;
Function org.apache.spark.sql.Dataset.toLocalIterator => com.snowflake.snowpark.DataFrame.toLocalIterator;
Function org.apache.spark.sql.Dataset.toString => com.snowflake.snowpark.DataFrame.toString;
Function org.apache.spark.sql.Dataset.transform => com.snowflake.snowpark.DataFrame.transform;
Function org.apache.spark.sql.Dataset.union => com.snowflake.snowpark.DataFrame.unionAll;
Function org.apache.spark.sql.Dataset.unionAll => com.snowflake.snowpark.DataFrame.unionAll;
Function org.apache.spark.sql.Dataset.unionByName => com.snowflake.snowpark.DataFrame.unionAllByName;
Function org.apache.spark.sql.Dataset.where => com.snowflake.snowpark.DataFrame.where;
Function org.apache.spark.sql.Dataset.withColumn => com.snowflake.snowpark.DataFrame.withColumn;
Function org.apache.spark.sql.Dataset.withColumnRenamed => com.snowflake.snowpark.DataFrame.withColumnRenamed;
Function org.apache.spark.sql.Dataset.write => com.snowflake.snowpark.DataFrame.write;
Function org.apache.spark.sql.DataFrame.agg => com.snowflake.snowpark.DataFrame.agg;
Function org.apache.spark.sql.DataFrame.alias => com.snowflake.snowpark.DataFrame.alias;
Function org.apache.spark.sql.DataFrame.apply => com.snowflake.snowpark.DataFrame.apply;
Function org.apache.spark.sql.DataFrame.as => com.snowflake.snowpark.DataFrame.alias;
Function org.apache.spark.sql.DataFrame.cache => com.snowflake.snowpark.DataFrame.cacheResult;
Function org.apache.spark.sql.DataFrame.col => com.snowflake.snowpark.DataFrame.col;
Function org.apache.spark.sql.DataFrame.collect => com.snowflake.snowpark.DataFrame.collect;
Function org.apache.spark.sql.DataFrame.collectAsList => com.snowflake.snowpark.DataFrame.collectAsList;
Function org.apache.spark.sql.DataFrame.columns => com.snowflake.snowpark.DataFrame.columns;
Function org.apache.spark.sql.DataFrame.count => com.snowflake.snowpark.DataFrame.count;
Function org.apache.spark.sql.DataFrame.createOrReplaceTempView => com.snowflake.snowpark.DataFrame.createOrReplaceTempView;
Function org.apache.spark.sql.DataFrame.createTempView => com.snowflake.snowpark.DataFrame.createOrReplaceTempView;
Function org.apache.spark.sql.DataFrame.crossJoin => com.snowflake.snowpark.DataFrame.crossJoin;
Function org.apache.spark.sql.DataFrame.cube => com.snowflake.snowpark.DataFrame.cube;
Function org.apache.spark.sql.DataFrame.distinct => com.snowflake.snowpark.DataFrame.distinct;
Function org.apache.spark.sql.DataFrame.drop => com.snowflake.snowpark.DataFrame.drop;
Function org.apache.spark.sql.DataFrame.dropDuplicates => com.snowflake.snowpark.DataFrame.dropDuplicates;
Function org.apache.spark.sql.DataFrame.except => com.snowflake.snowpark.DataFrame.except;
Function org.apache.spark.sql.DataFrame.explain => com.snowflake.snowpark.DataFrame.explain;
Function org.apache.spark.sql.DataFrame.filter => com.snowflake.snowpark.DataFrame.filter;
Function org.apache.spark.sql.DataFrame.first => com.snowflake.snowpark.DataFrame.first;
Function org.apache.spark.sql.DataFrame.foreach => com.snowflake.snowpark.DataFrame.foreach;
Function org.apache.spark.sql.DataFrame.groupBy => com.snowflake.snowpark.DataFrame.groupBy;
Function org.apache.spark.sql.DataFrame.head => com.snowflake.snowpark.DataFrame.head;
Function org.apache.spark.sql.DataFrame.intersect => com.snowflake.snowpark.DataFrame.intersect;
Function org.apache.spark.sql.DataFrame.isEmpty => com.snowflake.snowpark.DataFrame.isEmpty;
Function org.apache.spark.sql.DataFrame.join => com.snowflake.snowpark.DataFrame.join;
Function org.apache.spark.sql.DataFrame.joinWith => com.snowflake.snowpark.DataFrame.join;
Function org.apache.spark.sql.DataFrame.limit => com.snowflake.snowpark.DataFrame.limit;
Function org.apache.spark.sql.DataFrame.na => com.snowflake.snowpark.DataFrame.na;
Function org.apache.spark.sql.DataFrame.orderBy => com.snowflake.snowpark.DataFrame.orderBy;
Function org.apache.spark.sql.DataFrame.printSchema => com.snowflake.snowpark.DataFrame.printSchema;
Function org.apache.spark.sql.DataFrame.randomSplit => com.snowflake.snowpark.DataFrame.randomSplit;
Function org.apache.spark.sql.DataFrame.reduce => com.snowflake.snowpark.DataFrame.reduce;
Function org.apache.spark.sql.DataFrame.rollup => com.snowflake.snowpark.DataFrame.rollup;
Function org.apache.spark.sql.DataFrame.schema => com.snowflake.snowpark.DataFrame.schema;
Function org.apache.spark.sql.DataFrame.select => com.snowflake.snowpark.DataFrame.select;
Function org.apache.spark.sql.DataFrame.selectExpr => com.snowflake.snowpark.DataFrame.selectExpr;
Function org.apache.spark.sql.DataFrame.show => com.snowflake.snowpark.DataFrame.show;
Function org.apache.spark.sql.DataFrame.sort => com.snowflake.snowpark.DataFrame.sort;
Function org.apache.spark.sql.DataFrame.stat => com.snowflake.snowpark.DataFrame.stat;
Function org.apache.spark.sql.DataFrame.take => com.snowflake.snowpark.DataFrame.take;
Function org.apache.spark.sql.DataFrame.toDF => com.snowflake.snowpark.DataFrame.toDF;
Function org.apache.spark.sql.DataFrame.toJSON => com.snowflake.snowpark.DataFrame.toJSON;
Function org.apache.spark.sql.DataFrame.toLocalIterator => com.snowflake.snowpark.DataFrame.toLocalIterator;
Function org.apache.spark.sql.DataFrame.toString => com.snowflake.snowpark.DataFrame.toString;
Function org.apache.spark.sql.DataFrame.transform => com.snowflake.snowpark.DataFrame.transform;
Function org.apache.spark.sql.DataFrame.union => com.snowflake.snowpark.DataFrame.unionAll;
Function org.apache.spark.sql.DataFrame.unionAll => com.snowflake.snowpark.DataFrame.unionAll;
Function org.apache.spark.sql.DataFrame.unionByName => com.snowflake.snowpark.DataFrame.unionAllByName;
Function org.apache.spark.sql.DataFrame.where => com.snowflake.snowpark.DataFrame.where;
Function org.apache.spark.sql.DataFrame.withColumn => com.snowflake.snowpark.DataFrame.withColumn;
Function org.apache.spark.sql.DataFrame.withColumnRenamed => com.snowflake.snowpark.DataFrame.withColumnRenamed;
Function org.apache.spark.sql.DataFrame.write => com.snowflake.snowpark.DataFrame.write;
Function org.apache.spark.sql.DataFrameReader.csv => com.snowflake.snowpark.DataFrameReader.csv;
Function org.apache.spark.sql.DataFrameReader.json => com.snowflake.snowpark.DataFrameReader.json;
Function org.apache.spark.sql.DataFrameReader.option => com.snowflake.snowpark.DataFrameReader.option;
Function org.apache.spark.sql.DataFrameReader.options => com.snowflake.snowpark.DataFrameReader.options;
Function org.apache.spark.sql.DataFrameReader.orc => com.snowflake.snowpark.DataFrameReader.orc;
Function org.apache.spark.sql.DataFrameReader.parquet => com.snowflake.snowpark.DataFrameReader.parquet;
Function org.apache.spark.sql.DataFrameReader.schema => com.snowflake.snowpark.DataFrameReader.schema;
Function org.apache.spark.sql.DataFrameReader.table => com.snowflake.snowpark.DataFrameReader.table;
Function org.apache.spark.sql.DataFrameWriter.csv => com.snowflake.snowpark.DataFrameWriter.csv;
Function org.apache.spark.sql.DataFrameWriter.json => com.snowflake.snowpark.DataFrameWriter.json;
Function org.apache.spark.sql.DataFrameWriter.mode => com.snowflake.snowpark.DataFrameWriter.mode;
Function org.apache.spark.sql.DataFrameWriter.option => com.snowflake.snowpark.DataFrameWriter.option;
Function org.apache.spark.sql.DataFrameWriter.options => com.snowflake.snowpark.DataFrameWriter.options;
Function org.apache.spark.sql.DataFrameWriter.parquet => com.snowflake.snowpark.DataFrameWriter.parquet;
Function org.apache.spark.sql.DataFrameWriter.saveAsTable => com.snowflake.snowpark.DataFrameWriter.saveAsTable;
Function org.apache.spark.sql.functions => com.snowflake.snowpark.functions;
Function org.apache.spark.sql.functions.abs => com.snowflake.snowpark.functions.abs;
Function org.apache.spark.sql.functions.acos => com.snowflake.snowpark.functions.acos;
Function org.apache.spark.sql.functions.add_months => com.snowflake.snowpark.functions.add_months;
Function org.apache.spark.sql.functions.approx_count_distinct => com.snowflake.snowpark.functions.approx_count_distinct;
Function org.apache.spark.sql.functions.array => com.snowflake.snowpark.functions.array;
Function org.apache.spark.sql.functions.array_agg => com.snowflake.snowpark.functions.array_agg;
Function org.apache.spark.sql.functions.array_intersect => com.snowflake.snowpark.functions.array_intersection;
Function org.apache.spark.sql.functions.array_position => com.snowflake.snowpark.functions.array_position;
Function org.apache.spark.sql.functions.arrays_overlap => com.snowflake.snowpark.functions.arrays_overlap;
Function org.apache.spark.sql.functions.asc => com.snowflake.snowpark.functions.asc;
Function org.apache.spark.sql.functions.ascii => com.snowflake.snowpark.functions.ascii;
Function org.apache.spark.sql.functions.atan2 => com.snowflake.snowpark.functions.atan2;
Function org.apache.spark.sql.functions.avg => com.snowflake.snowpark.functions.avg;
Function org.apache.spark.sql.functions.base64 => com.snowflake.snowpark.functions.base64;
Function org.apache.spark.sql.functions.bround => com.snowflake.snowpark.functions.bround;
Function org.apache.spark.sql.functions.call_udf => com.snowflake.snowpark.functions.callUDF;
Function org.apache.spark.sql.functions.callUDF => com.snowflake.snowpark.functions.callUDF;
Function org.apache.spark.sql.functions.cbrt => com.snowflake.snowpark.functions.cbrt;
Function org.apache.spark.sql.functions.coalesce => com.snowflake.snowpark.functions.coalesce;
Function org.apache.spark.sql.functions.col => com.snowflake.snowpark.functions.col;
Function org.apache.spark.sql.functions.collect_list => com.snowflake.snowpark.functions.collect_list;
Function org.apache.spark.sql.functions.collect_set => com.snowflake.snowpark.functions.collect_set;
Function org.apache.spark.sql.functions.column => com.snowflake.snowpark.functions.column;
Function org.apache.spark.sql.functions.concat => com.snowflake.snowpark.functions.concat;
Function org.apache.spark.sql.functions.concat_ws => com.snowflake.snowpark.functions.concat_ws_ignore_nulls;
Function org.apache.spark.sql.functions.conv => com.snowflake.snowpark.functions.conv;
Function org.apache.spark.sql.functions.count_distinct => com.snowflake.snowpark.functions.count_distinct;
Function org.apache.spark.sql.functions.countDistinct => com.snowflake.snowpark.functions.countDistinct;
Function org.apache.spark.sql.functions.cume_dist => com.snowflake.snowpark.functions.cume_dist;
Function org.apache.spark.sql.functions.current_date => com.snowflake.snowpark.functions.current_date;
Function org.apache.spark.sql.functions.current_timestamp => com.snowflake.snowpark.functions.current_timestamp;
Function org.apache.spark.sql.functions.date_add => com.snowflake.snowpark.functions.date_add;
Function org.apache.spark.sql.functions.date_format => com.snowflake.snowpark.functions.date_format;
Function org.apache.spark.sql.functions.date_sub => com.snowflake.snowpark.functions.date_sub;
Function org.apache.spark.sql.functions.date_trunc => com.snowflake.snowpark.functions.date_trunc;
Function org.apache.spark.sql.functions.datediff => com.snowflake.snowpark.functions.datediff;
Function org.apache.spark.sql.functions.dayofmonth => com.snowflake.snowpark.functions.dayofmonth;
Function org.apache.spark.sql.functions.dayofweek => com.snowflake.snowpark.functions.dayofweek;
Function org.apache.spark.sql.functions.dayofyear => com.snowflake.snowpark.functions.dayofyear;
Function org.apache.spark.sql.functions.dense_rank => com.snowflake.snowpark.functions.dense_rank;
Function org.apache.spark.sql.functions.desc => com.snowflake.snowpark.functions.desc;
Function org.apache.spark.sql.functions.expr => com.snowflake.snowpark.functions.expr;
Function org.apache.spark.sql.functions.factorial => com.snowflake.snowpark.functions.factorial;
Function org.apache.spark.sql.functions.first => com.snowflake.snowpark.functions.first;
Function org.apache.spark.sql.functions.flatten => com.snowflake.snowpark.functions.array_flatten;
Function org.apache.spark.sql.functions.format_number => com.snowflake.snowpark.functions.format_number;
Function org.apache.spark.sql.functions.format_string => com.snowflake.snowpark.functions.format_string;
Function org.apache.spark.sql.functions.from_unixtime => com.snowflake.snowpark.functions.from_unixtime;
Function org.apache.spark.sql.functions.from_utc_timestamp => com.snowflake.snowpark.functions.from_utc_timestamp;
Function org.apache.spark.sql.functions.hash => com.snowflake.snowpark.functions.hash;
Function org.apache.spark.sql.functions.hex => com.snowflake.snowpark.functions.hex;
Function org.apache.spark.sql.functions.hour => com.snowflake.snowpark.functions.hour;
Function org.apache.spark.sql.functions.initcap => com.snowflake.snowpark.functions.initcap;
Function org.apache.spark.sql.functions.instr => com.snowflake.snowpark.functions.instr;
Function org.apache.spark.sql.functions.isnull => com.snowflake.snowpark.functions.isnull;
Function org.apache.spark.sql.functions.json_tuple => com.snowflake.snowpark.functions.json_tuple;
Function org.apache.spark.sql.functions.lag => com.snowflake.snowpark.functions.lag;
Function org.apache.spark.sql.functions.last => com.snowflake.snowpark.functions.last;
Function org.apache.spark.sql.functions.last_day => com.snowflake.snowpark.functions.last_day;
Function org.apache.spark.sql.functions.lead => com.snowflake.snowpark.functions.lead;
Function org.apache.spark.sql.functions.length => com.snowflake.snowpark.functions.length;
Function org.apache.spark.sql.functions.lit => com.snowflake.snowpark.functions.lit;
Function org.apache.spark.sql.functions.locate => com.snowflake.snowpark.functions.locate;
Function org.apache.spark.sql.functions.log10 => com.snowflake.snowpark.functions.log10;
Function org.apache.spark.sql.functions.log1p => com.snowflake.snowpark.functions.log1p;
Function org.apache.spark.sql.functions.log2 => com.snowflake.snowpark.functions.log2;
Function org.apache.spark.sql.functions.lower => com.snowflake.snowpark.functions.lower;
Function org.apache.spark.sql.functions.lpad => com.snowflake.snowpark.functions.lpad;
Function org.apache.spark.sql.functions.make_date => com.snowflake.snowpark.functions.date_from_parts;
Function org.apache.spark.sql.functions.map_keys => com.snowflake.snowpark.functions.object_keys;
Function org.apache.spark.sql.functions.max => com.snowflake.snowpark.functions.max;
Function org.apache.spark.sql.functions.md5 => com.snowflake.snowpark.functions.md5;
Function org.apache.spark.sql.functions.mean => com.snowflake.snowpark.functions.mean;
Function org.apache.spark.sql.functions.min => com.snowflake.snowpark.functions.min;
Function org.apache.spark.sql.functions.minute => com.snowflake.snowpark.functions.minute;
Function org.apache.spark.sql.functions.monotonically_increasing_id => com.snowflake.snowpark.functions.monotonically_increasing_id;
Function org.apache.spark.sql.functions.month => com.snowflake.snowpark.functions.month;
Function org.apache.spark.sql.functions.months_between => com.snowflake.snowpark.functions.months_between;
Function org.apache.spark.sql.functions.nanvl => com.snowflake.snowpark.functions.nanvl;
Function org.apache.spark.sql.functions.not => com.snowflake.snowpark.functions.not;
Function org.apache.spark.sql.functions.ntile => com.snowflake.snowpark.functions.ntile;
Function org.apache.spark.sql.functions.percent_rank => com.snowflake.snowpark.functions.percent_rank;
Function org.apache.spark.sql.functions.pow => com.snowflake.snowpark.functions.pow;
Function org.apache.spark.sql.functions.quarter => com.snowflake.snowpark.functions.quarter;
Function org.apache.spark.sql.functions.radians => com.snowflake.snowpark.functions.radians;
Function org.apache.spark.sql.functions.rand => com.snowflake.snowpark.functions.random;
Function org.apache.spark.sql.functions.randn => com.snowflake.snowpark.functions.randn;
Function org.apache.spark.sql.functions.rank => com.snowflake.snowpark.functions.rank;
Function org.apache.spark.sql.functions.regexp_extract => com.snowflake.snowpark.functions.regexp_extract;
Function org.apache.spark.sql.functions.regexp_replace => com.snowflake.snowpark.functions.regexp_replace;
Function org.apache.spark.sql.functions.reverse => com.snowflake.snowpark.functions.reverse;
Function org.apache.spark.sql.functions.round => com.snowflake.snowpark.functions.round;
Function org.apache.spark.sql.functions.row_number => com.snowflake.snowpark.functions.row_number;
Function org.apache.spark.sql.functions.rpad => com.snowflake.snowpark.functions.rpad;
Function org.apache.spark.sql.functions.second => com.snowflake.snowpark.functions.second;
Function org.apache.spark.sql.functions.sha1 => com.snowflake.snowpark.functions.sha1;
Function org.apache.spark.sql.functions.sha2 => com.snowflake.snowpark.functions.sha2;
Function org.apache.spark.sql.functions.shiftleft => com.snowflake.snowpark.functions.shiftleft;
Function org.apache.spark.sql.functions.shiftLeft => com.snowflake.snowpark.functions.shiftleft;
Function org.apache.spark.sql.functions.shiftright => com.snowflake.snowpark.functions.shiftright;
Function org.apache.spark.sql.functions.shiftRight => com.snowflake.snowpark.functions.shiftright;
Function org.apache.spark.sql.functions.sign => com.snowflake.snowpark.functions.sign;
Function org.apache.spark.sql.functions.signum => com.snowflake.snowpark.functions.signum;
Function org.apache.spark.sql.functions.size => com.snowflake.snowpark.functions.size;
Function org.apache.spark.sql.functions.soundex => com.snowflake.snowpark.functions.soundex;
Function org.apache.spark.sql.functions.split => com.snowflake.snowpark.functions.split;
Function org.apache.spark.sql.functions.substring => com.snowflake.snowpark.functions.substring;
Function org.apache.spark.sql.functions.sum => com.snowflake.snowpark.functions.sum;
Function org.apache.spark.sql.functions.to_date => com.snowflake.snowpark.functions.try_to_date;
Function org.apache.spark.sql.functions.translate => com.snowflake.snowpark.functions.translate;
Function org.apache.spark.sql.functions.to_timestamp => com.snowflake.snowpark.functions.try_to_timestamp;
Function org.apache.spark.sql.functions.to_utc_timestamp => com.snowflake.snowpark.functions.to_utc_timestamp;
Function org.apache.spark.sql.functions.try_to_timestamp => com.snowflake.snowpark.functions.try_to_timestamp;
Function org.apache.spark.sql.functions.unbase64 => com.snowflake.snowpark.functions.unbase64;
Function org.apache.spark.sql.functions.unhex => com.snowflake.snowpark.functions.unhex;
Function org.apache.spark.sql.functions.unix_timestamp => com.snowflake.snowpark.functions.unix_timestamp;
Function org.apache.spark.sql.functions.upper => com.snowflake.snowpark.functions.upper;
Function org.apache.spark.sql.functions.weekofyear => com.snowflake.snowpark.functions.weekofyear;
Function org.apache.spark.sql.functions.when => com.snowflake.snowpark.functions.when;
Function org.apache.spark.sql.functions.window => com.snowflake.snowpark.functions.window;
Function org.apache.spark.sql.functions.year => com.snowflake.snowpark.functions.year;
Function org.apache.spark.sql.SparkSession.conf => com.snowflake.snowpark.SparkSession.conf;
Function org.apache.spark.sql.SparkSession.time => com.snowflake.snowpark.SparkSession.time;
Function org.apache.spark.sql.Row => com.snowflake.snowpark.Row;
Function org.apache.spark.sql.Row.apply => com.snowflake.snowpark.Row.apply;
Function org.apache.spark.sql.Row.copy => com.snowflake.snowpark.Row.copy;
Function org.apache.spark.sql.Row.equals => com.snowflake.snowpark.Row.equals;
Function org.apache.spark.sql.Row.fieldIndex => com.snowflake.snowpark.Row.fieldIndex;
Function org.apache.spark.sql.Row.get => com.snowflake.snowpark.Row.get;
Function org.apache.spark.sql.Row.getAs => com.snowflake.snowpark.Row.getAs;
Function org.apache.spark.sql.Row.getBoolean => com.snowflake.snowpark.Row.getBoolean;
Function org.apache.spark.sql.Row.getByte => com.snowflake.snowpark.Row.getByte;
Function org.apache.spark.sql.Row.getDate => com.snowflake.snowpark.Row.getDate;
Function org.apache.spark.sql.Row.getDecimal => com.snowflake.snowpark.Row.getDecimal;
Function org.apache.spark.sql.Row.getDouble => com.snowflake.snowpark.Row.getDouble;
Function org.apache.spark.sql.Row.getFloat => com.snowflake.snowpark.Row.getFloat;
Function org.apache.spark.sql.Row.getInt => com.snowflake.snowpark.Row.getInt;
Function org.apache.spark.sql.Row.getLong => com.snowflake.snowpark.Row.getLong;
Function org.apache.spark.sql.Row.getShort => com.snowflake.snowpark.Row.getShort;
Function org.apache.spark.sql.Row.getString => com.snowflake.snowpark.Row.getString;
Function org.apache.spark.sql.Row.getTimestamp => com.snowflake.snowpark.Row.getTimestamp;
Function org.apache.spark.sql.Row.hashCode => com.snowflake.snowpark.Row.hashCode;
Function org.apache.spark.sql.Row.isNullAt => com.snowflake.snowpark.Row.isNullAt;
Function org.apache.spark.sql.Row.length => com.snowflake.snowpark.Row.length;
Function org.apache.spark.sql.Row.mkString => com.snowflake.snowpark.Row.mkString;
Function org.apache.spark.sql.Row.size => com.snowflake.snowpark.Row.size;
Function org.apache.spark.sql.Row.toSeq => com.snowflake.snowpark.Row.toSeq;
Function org.apache.spark.sql.Row.toString => com.snowflake.snowpark.Row.toString;
Function org.apache.spark.sql.SparkSession.builder => com.snowflake.snowpark.Session.builder;
Function org.apache.spark.sql.SparkSession.close => com.snowflake.snowpark.Session.close;
Function org.apache.spark.sql.SparkSession.createDataFrame => com.snowflake.snowpark.Session.createDataFrame;
Function org.apache.spark.sql.SparkSession.implicits => com.snowflake.snowpark.Session.implicits;
Function org.apache.spark.sql.SparkSession.range => com.snowflake.snowpark.Session.range;
Function org.apache.spark.sql.SparkSession.read => com.snowflake.snowpark.Session.read;
Function org.apache.spark.sql.SparkSession.sql => com.snowflake.snowpark.Session.sql;
Function org.apache.spark.sql.SparkSession.stop => com.snowflake.snowpark.Session.close;
Function org.apache.spark.sql.SparkSession.table => com.snowflake.snowpark.Session.table;
Function org.apache.spark.sql.SparkSession.udf => com.snowflake.snowpark.Session.udf;
Function org.apache.spark.sql.types => com.snowflake.snowpark.types;
Function org.apache.spark.sql.types.ArrayType.elementType => com.snowflake.snowpark.types.ArrayType.elementType;
Function org.apache.spark.sql.types.ArrayType.typeName => com.snowflake.snowpark.types.ArrayType.typeName;
Function org.apache.spark.sql.types.BinaryType.typeName => com.snowflake.snowpark.types.BinaryType.typeName;
Function org.apache.spark.sql.types.BooleanType.typeName => com.snowflake.snowpark.types.BooleanType.typeName;
Function org.apache.spark.sql.types.ByteType.typeName => com.snowflake.snowpark.types.ByteType.typeName;
Function org.apache.spark.sql.types.DataType.typeName => com.snowflake.snowpark.types.DataType.typeName;
Function org.apache.spark.sql.types.DateType.typeName => com.snowflake.snowpark.types.DateType.typeName;
Function org.apache.spark.sql.types.DecimalType.precision => com.snowflake.snowpark.types.DecimalType.precision;
Function org.apache.spark.sql.types.DecimalType.scale => com.snowflake.snowpark.types.DecimalType.scale;
Function org.apache.spark.sql.types.DecimalType.toString => com.snowflake.snowpark.types.DecimalType.toString;
Function org.apache.spark.sql.types.DecimalType.typeName => com.snowflake.snowpark.types.DecimalType.typeName;
Function org.apache.spark.sql.types.DoubleType.typeName => com.snowflake.snowpark.types.DoubleType.typeName;
Function org.apache.spark.sql.types.FloatType.typeName => com.snowflake.snowpark.types.FloatType.typeName;
Function org.apache.spark.sql.types.IntegerType.typeName => com.snowflake.snowpark.types.IntegerType.typeName;
Function org.apache.spark.sql.types.LongType.typeName => com.snowflake.snowpark.types.LongType.typeName;
Function org.apache.spark.sql.types.MapType.keyType => com.snowflake.snowpark.types.MapType.keyType;
Function org.apache.spark.sql.types.MapType.typeName => com.snowflake.snowpark.types.MapType.typeName;
Function org.apache.spark.sql.types.MapType.valueType => com.snowflake.snowpark.types.MapType.valueType;
Function org.apache.spark.sql.types.ShortType.typeName => com.snowflake.snowpark.types.ShortType.typeName;
Function org.apache.spark.sql.types.StringType.typeName => com.snowflake.snowpark.types.StringType.typeName;
Function org.apache.spark.sql.types.TimestampType.typeName => com.snowflake.snowpark.types.TimestampType.typeName;
Function org.apache.spark.sql.types.StructType => com.snowflake.snowpark.types.StructType;
Function org.apache.spark.sql.types.StructField.apply => com.snowflake.snowpark.types.StructField;
Function org.apache.spark.sql.types.StructField.name => com.snowflake.snowpark.types.StructField.name;
Function org.apache.spark.sql.types.StructType.names => com.snowflake.snowpark.types.StructType.names;
Function org.apache.spark.sql.types.StructType.equals => com.snowflake.snowpark.types.StructType.equals;
Function org.apache.spark.sql.types.StructType.toString => com.snowflake.snowpark.types.StructType.toString;
Function org.apache.spark.sql.types.StructType.hashCode => com.snowflake.snowpark.types.StructType.hashCode;
Function org.apache.spark.sql.types.StructType.add => com.snowflake.snowpark.types.StructType.add;
Function org.apache.spark.sql.types.StructType.apply => com.snowflake.snowpark.types.StructType.apply;
Function org.apache.spark.sql.types.StructType.printTreeString => com.snowflake.snowpark.types.StructType.printTreeString;
Function org.apache.spark.sql.types.StructType.length => com.snowflake.snowpark.types.StructType.length;
Function org.apache.spark.sql.types.StructType.iterator => com.snowflake.snowpark.types.StructType.iterator;
Function org.apache.spark.sql.types.StructType.fieldIndex => com.snowflake.snowpark.types.StructType.fieldIndex;
Function org.apache.spark.sql.types.StructType.fieldNames => com.snowflake.snowpark.types.StructType.fieldNames;
Function org.apache.spark.sql.types.StructType.fields => com.snowflake.snowpark.types.StructType.fields;
Function org.apache.spark.sql.expressions.Window.currentRow => com.snowflake.snowpark.Window.currentRow;
Function org.apache.spark.sql.expressions.Window.orderBy => com.snowflake.snowpark.Window.orderBy;
Function org.apache.spark.sql.expressions.Window.partitionBy => com.snowflake.snowpark.Window.partitionBy;
Function org.apache.spark.sql.expressions.Window.rangeBetween => com.snowflake.snowpark.Window.rangeBetween;
Function org.apache.spark.sql.expressions.Window.rowsBetween => com.snowflake.snowpark.Window.rowsBetween;
Function org.apache.spark.sql.expressions.Window.unboundedFollowing => com.snowflake.snowpark.Window.unboundedFollowing;
Function org.apache.spark.sql.expressions.Window.unboundedPreceding => com.snowflake.snowpark.Window.unboundedPreceding;
Function org.apache.spark.sql.expressions.WindowSpec.orderBy => com.snowflake.snowpark.WindowSpec.orderBy;
Function org.apache.spark.sql.expressions.WindowSpec.partitionBy => com.snowflake.snowpark.WindowSpec.partitionBy;
Function org.apache.spark.sql.expressions.WindowSpec.rangeBetween => com.snowflake.snowpark.WindowSpec.rangeBetween;
Function org.apache.spark.sql.expressions.WindowSpec.rowsBetween => com.snowflake.snowpark.WindowSpec.rowsBetween;
Function scala.StringContext.$ => com.snowflake.snowpark.Session.ColumnFromString.$;
