Type  org.apache.spark.sql.Column => com.snowflake.snowpark.Column;
Type  org.apache.spark.sql.Dataset => com.snowflake.snowpark.DataFrame;
Type  org.apache.spark.sql.DataFrame => com.snowflake.snowpark.DataFrame;
Type  org.apache.spark.sql.functions => com.snowflake.snowpark.functions;
Type  org.apache.spark.sql.SparkSession => com.snowflake.snowpark.Session;
Type  org.apache.spark.sql.Builder => com.snowflake.snowpark.Session.SessionBuilder;
Type  org.apache.spark.sql.types.StringType  => com.snowflake.snowpark.types.StringType;
Type  org.apache.spark.sql.expressions.Window => com.snowflake.snowpark.Window;
Type  org.apache.spark.sql.DataFrameReader => com.snowflake.snowpark.DataFrameReader;
Type  org.apache.spark.sql.DataFrameWriter => com.snowflake.snowpark.DataFrameWriter;
Type  org.apache.spark.sql.SaveMode => com.snowflake.snowpark.SaveMode;
Type  org.apache.spark.sql.types.ArrayType  => com.snowflake.snowpark.types.ArrayType;
Type  org.apache.spark.sql.types.BinaryType  => com.snowflake.snowpark.types.BinaryType;
Type  org.apache.spark.sql.types.BooleanType  => com.snowflake.snowpark.types.BooleanType;
Type  org.apache.spark.sql.types.ByteType  => com.snowflake.snowpark.types.ByteType;
Type  org.apache.spark.sql.types.DataType  => com.snowflake.snowpark.types.DataType;
Type  org.apache.spark.sql.types.DateType  => com.snowflake.snowpark.types.DateType;
Type  org.apache.spark.sql.types.DecimalType  => com.snowflake.snowpark.types.DecimalType;
Type  org.apache.spark.sql.types.DoubleType  => com.snowflake.snowpark.types.DoubleType;
Type  org.apache.spark.sql.types.FloatType  => com.snowflake.snowpark.types.FloatType;
Type  org.apache.spark.sql.types.IntegerType  => com.snowflake.snowpark.types.IntegerType;
Type  org.apache.spark.sql.types.LongType  => com.snowflake.snowpark.types.LongType;
Type  org.apache.spark.sql.types.MapType  => com.snowflake.snowpark.types.MapType;
Type  org.apache.spark.sql.types.ShortType  => com.snowflake.snowpark.types.ShortType;
Type  org.apache.spark.sql.types.TimestampType  => com.snowflake.snowpark.types.TimestampType;
Type  org.apache.spark.sql.types.StructType  => com.snowflake.snowpark.types.StructType;
Type  org.apache.spark.sql.Row => com.snowflake.snowpark.Row;
Type  org.apache.spark.sql.expressions.WindowSpec => com.snowflake.snowpark.WindowSpec;
